  est, qui  semper dissensione laetatur. Quoniam igitur ad
  probandam  veritatem arbitror, quae diximus, fratres karissimi,
  exempla sufficere,  quamvis plura vestra notione teneantur, absque
  fraternitatis  iniuria conventui vestro volumus his litteris
  obviatum, quas  a nobis per Severum apostolicae sedis notarium,
  animis acceptissimum  nostris, e nostro latere destinatum,
  videatis esse directas.  Convenientes, ut condecet fratres, ne
  quis volens in nostra communione  durare, fratris et consacerdotis
  nostri Perigenis iterum  ad discutiendum in medium nomen adducat,
  cuius sacerdotium  apostolus Petrus semel iam Spiritus sancti
  suggestione firmavit,  nihil huic relinquens in posterum
  quaestionis, cui dum constitueretur  a nobis, per eius temporis
  spatium, quo vacuit, nihil  omnino constet obiectum. Cesset
  accusatio, cuius invidiam probamus  auctorem, solvatur machina
  falsitatis in eum compositae,  quia ad sacerdotium Dei nostri et
  omnium bonorum favore pervenit.  Sane quoniam servandus
  accusatoris locus est, ne audientiam 
  
   penitus incitare videamur, si quid ab eodem postquam 
  episcopus nostris est auctoritatibus constitutus, contra disciplinam
   et propositum sacerdotii fertur admissum, coepiscopus 
  noster Rufus, cui ad vicem nostram cuncta committimus, cum 
  ceteris fratribus, quos ipse delegerit, negotium curabit audire, 
  ad nostram relaturus omnia notionem, quaecunque cognitionis  eius
  rerum cursus et ordo monstravit. Illud etiam, quoniam auctoritas 
  nostra commonicione solita vacare non debet, hortamur  et repetito
  saepius sermone praecipimus, ut in omnibus huius  viri
  oboedientiam dispositionibus commodetis. Nullus, ut frequenter 
  diximus, alicuius ordinationem citra eius conscientiam  celebrare
  praesumat, cui, ut supra dictum est, vice nostra  cuncta
  committimus. Sibi certe huius praesumptionis auctores  imputabunt

