  quid (1272)
  Damasus -, J +246: 302,1ff.            Ergo >quid prodest | illud
  - -, J +355: 408,1ff.    | inportunus emat. >Quid autem de diuini doni
  - -, J +605: 911,1ff.    Abraham. Recordare >quid Paulus scribat. |
  - -, J +606: 917,1ff.     qui glorificatur. >Quid enim hoc erit |
  - -, J +606: 913,1ff.     | pie glorificas. >Quid enim isto magis
  - -, J +607: 919,1ff.           apostolorum >quid vocarent Filium. Ejus |
  - -, J 611: 33,1ff.       solius sententia, >quid | tantopere cupiunt hanc
  - -, J 611: 33,1ff.       supra presbyterum >quid est | maius ad ecclesiae
  - -, J 611: 33,1ff.    est quod mandasti, | >quid irasceris? quid illum
  - -, J 611: 33,1ff.       | quid irasceris? >quid illum tibi dicis
  - -, J 611: 33,1ff.   presbyter erat: supra >quid ei adderetur | ad
  - -, J 611: 33,1ff.              ecclesiae? >quid ei amplius adiceretur
  - -, J 611: 35,1ff.     | Tum deinde quaero >quid erroris damnauerit, quid
  - -, J 611: 35,1ff.     erroris damnauerit, >quid rectae | confessionis
  - -, J 611: 36,1ff.      et fide non ficta. >quid horum in Petro? quid
  - -, J 611: 36,1ff.    quid horum in Petro? >quid horum docetur | esse in
  - -, J 611: 36,1ff.   ulla ratione subduci. >quid si peteret | populus
  - -, J 611: 36,1ff.          debere parari? >quid enim | interest utrum
  - -, J 611: 36,1ff.   | permittatur imponi? >quid si alterius haeresis
  - -, J 611: 39,1ff.   intemerata perdurant, >quid est quod Petrum |
  - -, J 611: 39,1ff.    toto corde transiit. >quid sibi isti | igitur uolunt
  - -, J 611: 39,1ff.      ratione correctos. >quid? his cur | communicat
  - -, J 611: 41,1ff.   in Africa factum est. >quid enim? uim maximam illi
  - -, J 611: 42,1ff.   competenter insistit. >quid? si uult et non potest,
  - -, J 611: 44,1ff.        eum laeserunt? | >quid me uultis exaggerare
  - -, J 611: 46,1ff.           | solutionem: >quid eam me uis meo iterare
  - -, J 611: 46,1ff.         esse difficile, >quid faciemus de geminatione
  - -, J 611: 46,1ff.              firmauero, >quid me remedii uis habere?
  - -, J 611: 47,1ff.         deserturus sum, >quid deo, quid hominibus inde 
  - -, J 611: 47,1ff.          sum, quid deo, >quid hominibus inde |
  - -, J 611: 47,1ff.        cogar absoluere, >quid eis sum rationis, quid
  - -, J 611: 47,1ff.       eis sum rationis, >quid negotii | redditurus? Sed
  - -, J 611: 48,1ff.            hoc, inquit. >quid igitur faciemus? ne
  - -, J 611: 48,1ff.     tendit ad mortem? | >Quid quod illi, inquies,
  - -, J 611: 48,1ff.   non peto: non petenti >quid | ingerit? quid se infert
  - -, J 611: 48,1ff.         quid | ingerit? >quid se infert inuito? si
  - -, J 611: 48,1ff.        contemnat illam: >quid eam tantopere poscit
  - -, J 854: 911,1ff.     Abraham. Recordare >quid Paulus | scribat:
  - -, J 854: 913,1ff.      | pie glorificas. >Quid enim isto magis
  - -, J +899: 708,1ff.    valeam | nunciare. >Quid enim putas de nobis
  - -, J +1334: 750,1ff.   | reprehendant, si >quid eos fortasse agere
  - -, J +1334: 751,1ff.      | ait: Nos enim >quid sumus? Nec contra nos est
  - -, J +1928: ???,???        | patimur; sed >quid nobis agendum, quidve
  - -, J +1928: 3,1ff.          sed ostendit, >quid autem in | aliis mundi
  - -, J +1973: 388,1ff.    interpretatur. Et >quid melius corpore et |
  Damasus I, J 237: 16,10   multa praesumunt, >quid agere debeant ignorare.
  Damasus I, J 237: 17,19      ageretur.  Sed >quid aliud facere debuit |
  Damasus I, J 239: 104,1          subplosis, >quid se habeat | apud 
  Damasus I, J 243+: 428A,12           Nam si >quid  fortasse in eos aut
  Damasus I, J 243+: 428D,3    oportet. Et si >quid eis grave
  Damasus I, J +244: 432A,6             aut | >quid eis agere liceat, aut
  Damasus I, J +244: 432A,8   prohibitos; aut >quid de his,  qui jam
  Damasus I, J +244: 432C,14            autem >quid dicat, bene nostis, quia
  Damasus I, J +244: 433B,4         traderet: >quid nos miseri | et desides
  Damasus I, J +244: 434B,10     si villanus, >quid agit in | civitate cum in
  Damasus I, J +244: 434C,2     | constituti, >quid, rogo, erunt? Ecce nec
  Damasus I, J +244: 435A,15        prodatis, >quid sint: quoniam aut aliquid
  Damasus I, J +244: 435A,18    | despiciunt, >quid erunt? Aut aliquid
  Siricius -, J 255: 1142A,8      portionem:  >quid ab universis posthac
  Siricius -, J 255: 1142A,9             sit, >quid vitandum, generali
  Siricius -, J 258: 1161A,1                  >quid faciat? Excusabit? Quo |
  Siricius -, J 263: 1164A,8      recepturum, >quid | veniat in querelam
  Siricius -, J 263: 1164B,2      statuatis.  >Quid | enim aliud est,
  Siricius -, J 261: 1177C,11   mater | tua?  >Quid  sibi istud vult, quod
  Siricius -, J 261: 1178A,2   | materna? Aut >quid aliud dicitur, nisi ut 
  Anastasius I, J 282: 70A,10     loco libet, >quid agat in  Romanam linguam
  Anastasius I, J 282: 73A,13   | alienum, ut >quid agat,  et ubi sit,
  Anastasius I, J +277: 525,31        populus >quid refugeret aut vitaret,
  Innocentiu I, J 285a: 82,13        non enim >quid populus | uellit, sed
  Innocentiu I, J 285a: 82,14   | uellit, sed >quid euangelica disciplina
  Innocentiu I, J 285a: 84,20        illis. | >Quid in iniuriam fratris  et
  Innocentiu I, J 285a: 85,15    | iudicatur. >Quid curritur,  quid
  Innocentiu I, J 285a: 85,16      curritur,  >quid festinatur, ut regula |
  Innocentiu I, J 286: 470A,6          aut si >quid adhuc  desideratur, |
  Innocentiu I, J 293: 495B,6     charissime, >quid de proposita  specie |
  Innocentiu I, J 293: 495B,8       respondi, >quid sequendum  vel docilis
  Innocentiu I, J 293: 495B,12         maluit >quid |   | deberet de rebus
  Innocentiu I, J 293: 496B,3    Proposuisti, >quid de his observari |
  Innocentiu I, J 293: 498B,2            est, >quid | de his  observari
  Innocentiu I, J 294: 505B,2       |  | Sed  >quid adversus ista in
  Innocentiu I, J 300: 517A,3      recensens  >quid agere debeas, recognosce.
  Innocentiu I, J 303: 529B,1            |  | >Quid de talium filiis
  Innocentiu I, J 303: 532A,15           vel  >quid, vel qualiter sensum sit
  Innocentiu I, J 303: 535A,3      complevit, >quid de | his censeatis,
  Innocentiu I, J 304: 539A,5      plenissime >quid sit de Bubalio et
  Innocentiu I, J 305: 542A,13    procurabis, >quid  in ejus persona debeat
  Innocentiu I, J 307: 544A,14             ne >quid  obliquum aut subcisivum
  Innocentiu I, J 321: 583A,6        scientes >quid apostolicae sedi, | cum
  Innocentiu I, J 321: 583B,6     manarent) | >quid praecipere quos  abluere,
  Innocentiu I, J 321: 584B,6             Nam >quid nos de his posthac
  Innocentiu I, J 321: 584B,12   promerentur. >Quid  enim | tam iniquum
  Innocentiu I, J 321: 585A,8    interrogare  >quid dicat: nos non mereri, an
  Innocentiu I, J 321: 585B,1        |  | Nam >quid tam mortiferum, tam
  Innocentiu I, J 321: 586A,4     | discimus  >quid oremus, cum ille
  Innocentiu I, J 321: 587B,3   | considerent >quid  quotidie singulis gratia
  Innocentiu I, J 322: 590A,11   prudentiam.  >Quid id etiam actione |
  Innocentiu I, J 322: 590B,15     auctores.  >Quid enim acerbius in Dominum 
  Innocentiu I, J 322: 591A,2    est  dicere, >Quid mihi opus | Deo? Merito
  Innocentiu I, J 323: 594A,14   rescripsimus >quid vel de | illorum  |   |
  Innocentiu I, J 323: 594B,10       ulterius >quid reliquit?  Si ergo sunt
  Innocentiu I, J 323: 595B,10           suis >quid judicaverant | indicare.
  Innocentiu I, J 323: 597A,9       collapsi, >quid | tandem habeat fides
  Innocentiu I, J 326: 600C,9       agat:  ne >quid circa ecclesiam sibi |
  Innocentiu I, J 325: 601B,1         |  | ne >quid hujusmodi oriretur, quod
  Innocentiu I, J 317: 607A,11    collocatis, >quid antiquitas aut  veritas
  Innocentiu I, J 312: 658C,12             si >quid tale probari poterit, 
  Zosimus -, J 328: 6,21   cuius notitiam, si >quid illic negotiorum
  Zosimus -, J 331: 7,33   probata suffragia. >Quid illud, quod, |
  Zosimus -, J 331: 8,4       tempus deesset. >Quid his tot tantisque
  Zosimus -, J 331: 9,3        | notitiam, si >quid illic negotiorum
  Zosimus -, J 332: 9,21        debueris, non >quid tibi rectum videatur,
  Zosimus -, J 332: 9,21       videatur, set, >quid habuerit | antiqua
  Zosimus -, J 332: 9,37          deferri. Si >quid |   | contra hec, frater
  Zosimus -, J 333: 10,17        Arelatensi.  >Quid de Proculi damnatione |
  Zosimus -, J 340: 12,15   damnatum - miror, >quid post ista Proculo liceat 
  Zosimus -, J 329: 99,13              cum si >quid uel suspicionis |
  Zosimus -, J 329: 100,12     praesto  sunt. >quid uoces eius | teneant,
  Zosimus -, J 329: 102,20      | sufficiant! >quid illic non abundans, quid
  Zosimus -, J 329: 102,20      non abundans, >quid non  dei | spiritu et
  Zosimus -, J 330: 103,5     auditus est et, >quid de  fide | sentiret,
  Zosimus -, J 330: 105,17        aestimate,  >quid iam possit | praeterire
  Zosimus -, J 342: 116,7          non | quia >quid deberet fieri nesciremus
  Zosimus -, J 339: 670B,15         Igitur si >quid auctoritati tuae, quod
  Zosimus -, J 339: 672A,5          nos, ne | >quid meritis dilectionis  tuae
  Zosimus -, J 345: 679A,4          sitis vel >quid egeritis, cognovimus, 
  Zosimus -, J 345: 680A,8         junxerunt, >quid agere debeamus, | cum
  Zosimus -, J 347: 681B,6    episcopi Romani >quid velit et quid existimet. 
  Zosimus -, J 347: 681B,6      quid velit et >quid existimet. | Et si
  Zosimus -, J 347: 682A,2      minoris loci, >quid | acturi sitis, est
  Zosimus -, J 347: 682A,3          De qua re >quid | acturi sitis,
  Zosimus -, J 347: 682A,5            dixit: ">Quid me adhuc movet, reticere 
  Zosimus -, J 346: 684A,2       et | talibus >quid fas non est facientibus 
  Zosimus -, J 346: 684A,12     praescriptio. >Quid vultis de consensu 
  Zosimus -, J 346: 685A,1       |  | audite. >Quid vobis, certe indulgente
  Bonifacius I, J 353: 766A,8       desim. Si >quid enim secus quam | oportet
  Bonifacius I, J 366: 24,35       ad nos, si >quid est, | referatur.  | ....
  Bonifacius I, J 350: 25,11        custodes. >Quid enim  gaudio debeat |
  Bonifacius I, J 365: 31,115      donavi) si >quid donavi, propter vos in
  Bonifacius I, J 365: 32,134    videamur, si >quid ab eodem postquam |
  Bonifacius I, J 363: 34,44             si | >quid a se factum est contra
  Bonifacius I, J 364: 35,25     | apostolus: >Quid vultis, in virga veniam
  Celestinus I, J 372: 5,10        et omnibus >quid de fide nostra  sentiri
  Celestinus I, J 372: 6,3         deuicisse. >quid agat iam, quo se ille
  Celestinus I, J 372: 6,18      sauciatur. | >quid enim cum consentientibus
  Celestinus I, J 374: 8,12          est: nam >quid oremus secundum quod |
  Celestinus I, J 374: 8,17       | sermones: >quid his aliud  praecepit quam
  Celestinus I, J 374: 9,16            scimus >quid ille | cauerit qui
  Celestinus I, J 374: 9,29      et | tradit. >quid hic tu pastor acturus es,
  Celestinus I, J 374: 10,11       accusaris. >quid horum conuenit
  Celestinus I, J 374: 10,27              sed >quid multis immoror? |
  Celestinus I, J 374: 11,13     | debitoris. >quid  tecum faciunt qui sunt
  Celestinus I, J 375: 15,26   Ezechielem, et >quid sibi |   | immineat,
  Celestinus I, J 375: 16,5        saeptorum? >quid  spei habeat grex, quando
  Celestinus I, J 375: 16,14     inchoemus, | >quid non animis uestris
  Celestinus I, J 375: 16,19         scientem >quid possit gloriae remanere, 
  Celestinus I, J 375: 16,24    tradiderunt,  >quid spei inueniamus, ignoro;
  Celestinus I, J 375: 17,7          quaerunt >quid noui proferant, unde
  Celestinus I, J 373: 21,11               ne >quid lupi rapacitas |
  Celestinus I, J 379: 23,6   qui et  dixerat >quid docerent, docebat qui in 
  Celestinus I, J 379: 24,19        conuentui >quid est aliud | postulandum 
  Celestinus I, J 378: 25,13        poteritis >quid cum consilio | supra
  Celestinus I, J 380: 25,25       iudicii ne >quid | turbidae nouitati
  Celestinus I, J 387: 90,23          falsum (>quid enim non iniquitas
  Celestinus I, J 388: 92,16         decepit. >quid enim patientiae uestrae |
  Celestinus I, J 388: 94,16        seruauit. >quid ille auditurus | est
  Celestinus I, J 388: 95,6     exitus doceat >quid | potueritis optare. nec
  Celestinus I, J 388: 95,27      | nesciret. >quid illi profuit hoc uitasse?
  Celestinus I, J 388: 96,4         custodem. >quid agit impius | pertinax?
  Celestinus I, J 388: 96,5       | pertinax? >quid sibi spei, quid remansit
  Celestinus I, J 388: 96,5   quid sibi spei, >quid remansit auxilii? non
  Celestinus I, J 388: 97,9    aeternum.  sed >quid diutius immoramur?
  Celestinus I, J 388: 97,19       didicistis >quid sit superaedificare quod
  Celestinus I, J 388: 97,20       maneat  et >quid | sit superaedificare
  Celestinus I, J 388: 97,29   falsitati deus >quid sit pulsare | et
  Celestinus I, J 385: 99,12       ordinatus: >quid | non  poterit praestare
  Celestinus I, J 385: 99,29        noster et >quid uelimus | et cur uelimus,
  Celestinus I, J 385: 100,2      diligentius >quid | illic possint parere
  Celestinus I, J 385: 100,21      | et ipsi  >quid suis debeant praestare
  Celestinus I, J 369: 432A,7      liberare.  >Quid hoc, rogo, | aliud est,
  Celestinus I, J 371: 436B,12   | ignoretur. >Quid proderit per singula
  Celestinus I, J 371: 437A,7    nesciunt eos >quid | liceat quidve non
  Celestinus I, J 381: 529A,2     deputandus. >Quid  illic spei est, ubi,
  Celestinus I, J 381: 529B,8   | docere. Nam >quid in ecclesiis vos  agitis,
  Celestinus I, J 381: 529B,13       nesciant >quid sibi debeant vindicare.
  Celestinus I, J 381: 530B,7          Quibus >quid promittat Dominus in |
  Sixtus III, J 391: 107,33    | negauit. nam >quid  in inuentorem malorum
  Sixtus III, J 391: 108,2                est >quid laudis habeat tantos
  Sixtus III, J 392: 109,25          euentu | >quid sit sentire nobiscum.
  Sixtus III, J 394: 38,30    nos | quoque si >quid temptare voluerit,
  Sixtus III, J 396: 42,47    auctoritas.  Si >quid forsitan aut inter |
  Sixtus III, J +397: 562,13       prosilire. >Quid enim si omnes | laudant
  Sixtus III, J +397: 562,16   quod | volunt. >Quid  enim aliud detrahentes
  Leo I, J 493: 1038A,12           | insania  >quid mereretur ostendit, et de
  Leo I, J 494: 1039C,13       fraternitas, | >quid ubique secundum doctrinam
  Leo I, J 495: 1042B,15    esse convenit, ne >quid sibi haeretica | pravitas
  Leo I, J 495: 1042C,3    tuis  relationibus >quid | agatur instruere.
  Leo I, J 495: 1043A,13   sufficiat, quod si >quid a quoquam contra |
  Leo I, J 495: 1044A,15   scriptis suis mihi >quid praedicti cupiditas |
  Leo I, J 495: 1045A,14       servetur. | Si >quid sane ab his fratribus
  Leo I, J 496: 1054A,14   relatione currente >quid | apud illas regiones
  Leo I, J 497: 1055A,8      innotuit: ut  si >quid | sollicitudinum pro
  Leo I, J 498: 1059B,15              et | ne >quid tale accidat praecavere,
  Leo I, J 499: 1060C,1     commovebant, |  | >quid eis nisi abruptum
  Leo I, J 499: 1061B,6       susceptam. | Si >quid autem erga praedictorum 
  Leo I, J 500: 1062C,3            Ecclesiae, >quid | de incarnatione Verbi,
  Leo I, J 500: 1065B,3   altitudo virtutis:  >quid sit quod caro sine Verbo 
  Leo I, J 500: 1065B,3        | non agit, et >quid sit  quod Verbum sine
  Leo I, J 500: 1065D,2      confundimus; sed >quid cujus  formae sit, ex
  Leo I, J 500: 1068A,4          subderetis?  >Quid apud vos acturae fuerant
  Leo I, J 500: 1068A,4    fuerant ungulae, | >quid  saeva tormenta, si ad
  Leo I, J 500: 1068B,9             virtutem, >quid quod praeferendum
  Leo I, J 501: 1069A,9     non habuerit, ut  >quid post mea scripta sit
  Leo I, J 501: 1069A,16        prospicere ne >quid possit |   |   | de statu
  Leo I, J 502: 1070B,8      clementia, ut si >quid  usquam aut aegrum
  Leo I, J 503: 1071B,5        et manifestius >quid | teneat indicasse; cui
  Leo I, J 505: 1077C,4    differant; et | si >quid, quod Ecclesiae  sit
  Leo I, J 506: 1078C,4        | profitetur,  >quid aliud quam apostolorum se
  Leo I, J 506: 1079A,11       relegantur; et >quid B. Athanasius, | quid
  Leo I, J 506: 1079A,12     B. Athanasius, | >quid Theophilus, quid
  Leo I, J 506: 1079A,12   | quid Theophilus, >quid Cyrillus, quid etiam alii
  Leo I, J 506: 1079A,12       quid Cyrillus, >quid etiam alii  Orientales |
  Leo I, J 507: 1082A,3          intimato, ut >quid | sibi rescriptum  sit
  Leo I, J 508: 1095B,3      esse diversam, | >quid potissimum sit  tenendum,
  Leo I, J 509: 1096B,15          generarent; >quid | aptius ac modestius
  Leo I, J 510: 1099B,1        auxilio, et si >quid usquam  sub | catholico
  Leo I, J 514: 1103A,14    Eutychis receptio >quid nisi Domini nostri  Jesu
  Leo I, J 514: 1103B,14        non | videri. >Quid laborat intellectus, ubi 
  Leo I, J 514: 1103C,3    utatur,  et dicat: >quid turbati estis, et quare |
  Leo I, J 514: 1105B,11       Viri Galilaei, >quid statis aspicientes in |
  Leo I, J 515: 1109C,7        | laborare. Si >quid sane de Alexandrinae 
  Leo I, J 520: 1112B,5        prospicere, ne >quid adversum evangelicam 
  Leo I, J 529: 1122B,1         |  |  | ac si >quid in corde ipsius de
  Leo I, J 531: 1126A,9         roborare,  et >quid pro | patientiae sua
  Leo I, J 532: 1129A,7    venia negaretur: | >quid probabilius, quid
  Leo I, J 532: 1129A,7   | quid probabilius, >quid religiosius poterit 
  Leo I, J 532: 1131A,13       ambigi potest, >quid de his decernendum  sit,
  Leo I, J 532: 1131B,11           exhibeant, >quid quid de communi  fide
  Leo I, J 532: 1131B,11      exhibeant, quid >quid de communi  fide fueram |
  Leo I, J 534: 1133B,2         perpetrarint, >quid illis in  Ecclesia loci
  Leo I, J 534: 1133D,5          respicit, si >quid | saucium inveniatur in 
  Leo I, J 536: 1136B,7      videtur ambigere >quid de | mulieribus quae
  Leo I, J 539: 1143C,5      non dubie  patet >quid per vos in totius
  Leo I, J 539: 1144A,7           convellere, >quid aliud  est quam de
  Leo I, J 540: 1147B,10       liber appareat >quid in Eutyche anathematizet 
  Leo I, J 541: 1149A,2       praeparatus, et >quid  auxilii matri tuae
  Leo I, J 541: 1150A,13      nec quaeritur | >quid auribus placeat, ubi
  Leo I, J 541: 1151B,15      | quia nesciunt >quid faciunt. Quod ut |   |
  Leo I, J 542: 1163B,11            Deitatis: >quid | sit quod caro sine
  Leo I, J 542: 1163B,12        non agit, et  >quid sit quod Verbum sine |
  Leo I, J 542: 1165A,12   confundimus, sed | >quid  cujus formae sit ex
  Leo I, J 542: 1165B,4         affixus  sit, >quid jacuerit in sepulcro, et
  Leo I, J 542: 1171C,2       est in gloria.  >Quid igitur tuae | utilius est
  Leo I, J 542: 1171C,3          est saluti?  >quid tuae congruentius
  Leo I, J 542: 1175A,15         transcurrit. >Quid tandem dignum | a  nobis
  Leo I, J 542: 1177A,14     intelligis. Si | >quid illud ad demonstrationem
  Leo I, J 542: 1180A,4     servi  accipiens. >Quid est in forma Dei, nisi
  Leo I, J 542: 1180A,14      ergo interrogo: >Quid est | in forma Dei?
  Leo I, J 542: 1180A,16   natura dii. Quaero >quid sit, formam |   |   |
  Leo I, J 542: 1181B,1   inter caetere. |  | >Quid igitur, haeretice? Cum
  Leo I, J 542: 1182C,5          peccatum. Et >quid mirum  est, | si crucem
  Leo I, J 542: 1185C,3         quo declinet, >quid teneat, |   | quo se
  Leo I, J 542: 1187A,12        considerantes >quid | sit incarnatum esse, et
  Leo I, J 544: 1202A,16       tuus detulit,  >quid | sentiendum sit, inter
  Leo I, J 544: 1207A,14    constituimus, sed >quid sit tolerabilius 
  Leo I, J 544: 1209A,8     sint | baptizati, >quid circa eos debeat
  Leo I, J 544: 1209B,3            petierint, >quid | erit observandum?  Si
  Leo I, J 546: 1213C,7                et  si >quid ab incomposito vulgo
  Leo I, J 549: 1216B,9           patientiae. >Quid enim dignius aut velle |
  Leo I, J 398: 593A,6       exigatur. - III. >Quid de gratia Christi |
  Leo I, J 402: 614A,9      | disciplinae. Ne >quid vero sit quod
  Leo I, J 403: 615B,15   sit in speculis, ne >quid illicitum | a quoquam
  Leo I, J 403: 616C,4        imputandum,  si >quid de his quae statuimus a
  Leo I, J 405: 620B,6          pastorali, ne >quid diabolicae  licere possit
  Leo I, J 405: 620B,11             et adhuc  >quid agatur | ignaris, per
  Leo I, J 405: 621A,10   ut nosset populus | >quid  refugeret aut vitaret,
  Leo I, J 406: 624B,4           initia, ne | >quid charitati  tuae ad
  Leo I, J 406: 627B,4         ad nos missus, >quid | in omnibus apostolicae
  Leo I, J 407: 632A,6     viventis inductum. >Quid hic fraternitas  vestra |
  Leo I, J 407: 632B,3   | consueta migratio, >quid  sibi Hilarius quaerit in
  Leo I, J 407: 632B,6    Patroclum habuit, | >quid usurpat? cum et ipsum,
  Leo I, J 407: 635B,10         commissi. Sed >quid mirum eam in laicos
  Leo I, J 407: 636A,8       vindicamus, ne | >quid ulterius liceat 
  Leo I, J 410: 646A,9     ferebatur electio  >quid veritas haberet |
  Leo I, J 410: 647B,6     peccatis alienis?  >Quid est | cito manus
  Leo I, J 410: 647B,9       non probatis? Et >quid  est | communicare
  Leo I, J 410: 649A,5    et sic ministrent,  >quid aliud intelligendum |
  Leo I, J 410: 653B,5     vos examinis fide, >quid de supradictis |
  Leo I, J 410: 657A,7   ferebatur electio, | >quid veritas haberet,
  Leo I, J 410: 658A,14           | alienis?  >Quid est cito manus imponere,
  Leo I, J 410: 659B,15   et sic ministrent;  >quid | aliud intelligendum in
  Leo I, J 410: 662B,11    vos examinis fide, >quid de supradictis |
  Leo I, J 409: 664A,8     pace solliciti, ne >quid | novella praesumptio
  Leo I, J 411: 668B,6      esset | agnoscere >quid in quibusque rebus vel
  Leo I, J 411: 671A,10           tibi fuerit >quid | ad tua consulta
  Leo I, J 411: 671B,5           Sed etiam si >quid grave intolerandumque
  Leo I, J 411: 671B,7     | decerneres, quam >quid nobis placeret
  Leo I, J 412: 682C,11     Deus est, nec si  >quid magnum est | atque
  Leo I, J 412: 685B,7      in Christo Jesu.  >Quid | ergo hic agunt cursus
  Leo I, J 412: 685B,7        cursus siderum, >quid figmenta  fatorum, quid |
  Leo I, J 412: 685B,8     figmenta  fatorum, >quid | mundanarum rerum
  Leo I, J 412: 686B,12   in augmentum Dei. | >Quid ergo opus est in cor
  Leo I, J 412: 689C,4   opinor, | ostendimus >quid de  his quae ad nos
  Leo I, J 412: 690A,10         dissimulent;  >quid de se intelligi volunt,
  Leo I, J 414: 695C,5       affectu, | ac si >quid usquam reprehensioni
  Leo I, J 414: 697B,14       suae | reddens. >Quid est, inquit quod me
  Leo I, J 414: 697C,4     Joannis  expetiit, >quid Deitatis ejus remansit
  Leo I, J 414: 700A,15          | apostolos: >Quid faciemus, viri fratres?
  Leo I, J 418: 718A,1       confessionem, ne >quid ad gratiam faciatis.  Ego
  Leo I, J 418: 732A,6   ne nescientes aliqui >quid illi senserit, quasi | ad
  Leo I, J 420: 733A,15         significet, | >quid contra antiquam fidem
  Leo I, J 420: 733B,10     corrigendum, si | >quid in se inventum  fuerit
  Leo I, J 421: 735B,6              servitur. >Quid autem in |
  Leo I, J 421: 741A,2           ventilatur.  >Quid Origenes | principiorum
  Leo I, J 421: 741B,9         absentiam,  et >quid | intellexerint, eorum
  Leo I, J 421: 745A,10      naturam: ignarus >quid loquatur  ac de quibus
  Leo I, J 421: 745C,7       propriaque  voce >quid ipse | sentiret Patribus
  Leo I, J 422: 752A,10   raternitatem tuam | >quid de tota causa  constitui
  Leo I, J 423: 755A,13     recensito, tandem >quid apud vos | scandali
  Leo I, J 423: 757A,4    est in cubili suo.  >Quid autem iniquius quam 
  Leo I, J 423: 757B,1   |  | Nesciens igitur >quid deberet de Verbi Dei
  Leo I, J 423: 773A,10           et mortuus) >quid aliud quadraginta dierum 
  Leo I, J 423: 775A,2     est Antichristus.  >Quid autem est solvere |
  Leo I, J 424: 783B,2         improbasset. | >Quid autem catholica Ecclesia 
  Leo I, J 425: 794A,12    evidenter et plene >quid servandum  esset ostendi.
  Leo I, J 426: 797A,5   praesulis | vestri,  >quid secundum Evangelium
  Leo I, J 427: 797B,11   cuperet | declarari >quid in ejus confessione 
  Leo I, J 427: 797B,15     sed cum | ab eis, >quid ipsi crederent
  Leo I, J 428: 801B,5   | nos incertum fuit, >quid in ipso catholicis
  Leo I, J 428: 802A,16             incessit, >quid divinitus traditum |
  Leo I, J 428: 802A,16        | teneamus, et >quid |   | incommutabiliter
  Leo I, J 429: 805A,2          | non haberi. >Quid autem prodest 
  Leo I, J 431: 811A,13      esse discordem.  >Quid enim rebus | humanis ad
  Leo I, J 432: 812B,12      | autem salutis. >Quid enim tam exitiabile, |   
  Leo I, J 432: 813A,5        est in carne? | >Quid tam gloriosum quam contra
  Leo I, J 432: 813A,8            litteris, | >quid in nostro  esset corde
  Leo I, J 434: 815A,15         ordinum vota, >quid ex ipso devotionis |
  Leo I, J 435: 815C,3     quia | non ignoras >quid de sinceritate  animitui
  Leo I, J 436: 816C,1     sollicitum |  | ne >quid sibi plectenda possit
  Leo I, J 440: 839C,13       | Cap. II. - Si >quid igitur fraternitati tuae
  Leo I, J 444: 849B,14   nostri incarnatione >quid  sentiam. Et | homicidas
  Leo I, J 447: 871A,8      una.  Et exponens >quid per hoc significaretur, |
  Leo I, J 453: 893B,2          ut scilicet | >quid de incarnatione Filii Dei
  Leo I, J 453: 894B,4         veritas solet, >quid de | incarnatione  Filii
  Leo I, J 453: 894B,14       | tandem pateat >quid altiore tractatu aut
  Leo I, J 456: 900B,8   majore vincatur.  Si >quid | autem aut difficultatum
  Leo I, J 459: 911A,4          est; quem, si >quid sani cordis | habuisset, 
  Leo I, J 459: 912B,6        vestram per nos >quid fieri  aut | ordinari
  Leo I, J 462: 918A,1       quasi de incerto >quid sequendum sit sinatis 
  Leo I, J 465: 923C,3     eorum | actionibus >quid constitui |   | debeat
  Leo I, J 465: 924A,4       recitetur,  quam >quid de eis constitui debeat
  Leo I, J 465: 924A,8   non fuit | epistolis >quid videretur inserere cum
  Leo I, J 465: 924B,9     causarum,  nostra, >quid observari debeat, |
  Leo I, J 466: 925A,16      orta permaneant. >Quid itaque |   | legatis
  Leo I, J 468: 927A,8    comperta, tamen ne  >quid forte | sollicitudinem
  Leo I, J 468: 928B,12                Domini >quid senserint, et  quid
  Leo I, J 468: 928B,13   quid senserint, et  >quid Ecclesiis |
  Leo I, J 469: 931A,1   | imperator. |  | Si >quid ergo morborum, si quid
  Leo I, J 469: 931A,1      ergo morborum, si >quid est vulnerum,  quod
  Leo I, J 472: 936A,4   Juliano | episcopo.  >Quid de dilectionis tuae animo
  Leo I, J 473: 937B,8     potestis  ignorare >quid ex antiqua traditione
  Leo I, J 473: 937B,9    | possitis dubitare >quid cupiamus.  Unde, fratres 
  Leo I, J 482: 999B,14    praesul Ecclesiae, >quid | amplius quam  assecutus
  Leo I, J 482: 999B,15      concupiscit? aut >quid illi satisfaciet | si  | 
  Leo I, J 482: 1000C,2     habui explicare | >quid sentiam, rogo  ut per
  Leo I, J 482: 1000C,3      meum Lucianum, | >quid  quantum in ipso est
  Leo I, J 483: 1005B,10     vivunt;  et si | >quid usquam aliter quam illi
  Leo I, J 483: 1007A,7             | Memento >quid Dominus ei qui unum  de
  Leo I, J 485: 1011B,6        | consulentis, >quid de poenitentium statu
  Leo I, J 486: 1014B,2          Non ignoro | >quid charitatis et gratiae 
  Leo I, J 487: 1020B,4     re paratum. Ac si >quid adversum | tanti operis 
  Leo I, J 487: 1021B,7                nescio >quid causae | aut  occasionis
  Leo I, J 488: 1023B,1  |  | firmitatem. Nam >quid prodest foris adversarios
  Leo I, J 489: 1025A,3        nimis aperte | >quid episcopo Ecclesiae ipsius
  Leo I, J 489: 1025A,5         commoveri; et >quid ipse mecum cum suis |
  Leo I, J 489: 1026A,1    sollicitus: cum si >quid illi inesset spiritualis
  Leo I, J 489: 1026A,15   tunc | manifestius >quid  agi oporteat aestimabo.
  Hilarus -, J 554: 23,7   transmittatis, ut, >quid definire possimus, 
  Hilarus -, J 555: 27,6   celebretur; ut, si >quid usquam | vel  in
  Hilarus -, J 555: 28,2        doceatur, ut, >quid fieri debeat,  communi
  Hilarus -, J 557: 31,15      eclesiasticis, >quid uterque mereatur,
  Hilarus -, J 557: 32,18         quatinus, | >quid de eo retuleritis,
  Hilarus -, J 557: 131,14         ac deinde  >quid magis videatur congruere
  Hilarus -, J 562: 156,26       vestram,  ut >quid super | hac parte
  Hilarus -, J 562: 156,29         | subnixi, >quid oporteat de ordinatore et
  Hilarus -, J 562: 158,18       petimus, ut  >quid super his rebus |
  Hilarus -, J 562: 164,11     constringo, ne >quid a  me | unquam de his,
  Hilarus -, J 561: 170,2     submoveri, | ne >quid tamen in tanta
  Simplicius -, J 583: 201,7           vel si >quid  apud te | sacerdotalis
  Simplicius -, J 583: 202,8           Cui si >quid | negotii forsan
  Simplicius -, J 583: 202,17    constitutis, >quid post  transgressionem
  Simplicius -, J 587: 209,12              ne >quid contra | tantum ac tale 
  Simplicius -, J 570: 176,10       fidelium  >quid deceat nescienti, nihil |
  Simplicius -, J 572: 178,14    | ipsius, ne >quid subripiatur,  insinua.
  Simplicius -, J 573: 180,25              ne >quid  intemeratum populator
  Simplicius -, J 574: 184,15      doctrinae, >quid | catholicae  veritatis
  Simplicius -, J 574: 184,16     integritas, >quid detestetur, | asseruit.
  Simplicius -, J 574: 185,3    probatum est, >quid Domino vos juvante
  Simplicius -, J 575: 186,9     resistat, ne >quid haereticorum  contra |
  Simplicius -, J 576: 187,10    | periculis, >quid in vobis esset cunctis 
  Felix III, J 591: 231,7          potiantur, >quid est aliud dicere, quam
  Felix III, J 592: 236,11       non ambigis, >quid hinc universalis
  Felix III, J 593: 239,4     | morem secuta, >quid responsio sanctae
  Felix III, J 593: 239,6        | principem, >quid apud te quoque litterae
  Felix III, J 599: 246,2         haereticos. >Quid enim sunt aliud, qui post
  Felix III, J 608: 260,24           de quo | >quid observari debeat,
  Felix III, J 612: 272,36     De quibus etsi >quid fortassis omissum est,
  Felix III, J 614: 274,1    contradendas, ne >quid minus pro catholicae |
  Felix III, J 617: 160,16     retineatis. ne >quid autem maligne  in
  Gelasius I, J 648: 4,27   Cuius clerico, ne >quid pro | tam sancta et
  Gelasius I, J 650: 6,14          convincat. >Quid autem visum fuerit
  Gelasius I, J 662: 8,4           continent, >quid de | ordinationibus
  Gelasius I, J 633: 510,1    Roman#0e sedis. >Quid utilitatis intersit |
  Gelasius I, J 633: 510,4    meriti sint vel >quid pr#0estare nunc possint, 
  Gelasius I, J 687: 319,12         uestr#0e, >quid fieri  debeat,
  Gelasius I, J 700: 24,53     | agendum est, >quid universalis  catholica
  Gelasius I, J 700: 24,54       ecclesia vel >quid | vitare debeat.  1.
  Gelasius I, J 625: 322,5        retractare? >Quid est ergo, quod magnopere
  Gelasius I, J 625: 322,13      dicent tibi? >Quid ergo tendimus ultra
  Gelasius I, J 625: 322,14      sufficit? Si >quid ignorantes discere
  Gelasius I, J 626: 325,15          Certe si >quid | est, quod valeat animum
  Gelasius I, J 621: 326,11      exemplo.  2. >Quid autem | tales essent
  Gelasius I, J 621: 326,20             Nam | >quid facerent populorum
  Gelasius I, J 621: 328,19        adnectere, >quid mirum, si iidem 
  Gelasius I, J 621: 331,1      esse perpetua >quid est, | nisi in sempiterna
  Gelasius I, J 621: 332,36       subjunxit.  >Quid autem haberi possit sine
  Gelasius I, J 621: 333,7            dicens: >Quid enim habes | quod non 
  Gelasius I, J 621: 333,8      si accepisti, >quid gloriaris quasi non |
  Gelasius I, J 621: 333,35               Sed >quid miremur ecclesiarum
  Gelasius I, J 636: 368,1          Nam et si >quid | indulgetur de temporum
  Gelasius I, J 636: 377,9           decidit; >quid est de talibus
  Gelasius I, J 636: 377,20            tantum >quid | mereantur adspiciant,
  Gelasius I, J 728: 391,12     vallentur, ne >quid illis aut | subreptio,
  Gelasius I, J 664/1: 393,1    |  | penitus, >quid loquantur. Ubi magis eos,
  Gelasius I, J 664/1: 393,23    | percutere, >quid fieret, si |   | subinde
  Gelasius I, J 664/1: 397,29       Acacius,  >quid opus erat nova |
  Gelasius I, J 664/1: 401,28    ergo ab his, >quid de Eutyche sentiant: |
  Gelasius I, J 664/1: 401,29   | contendunt, >quid  ambagibus agunt, quid
  Gelasius I, J 664/1: 401,30          agunt, >quid circuitionibus |
  Gelasius I, J 664/1: 402,22        affectu, >quid adhuc Acacii tantummodo
  Gelasius I, J 664/1: 403,22      omittamus, >quid, quod ipse Zenon |
  Gelasius I, J 664/1: 405,17     est. Nam et >quid ageretur de | fide
  Gelasius I, J 664/1: 405,21       et ceteri >quid caverent, ex illorum
  Gelasius I, J 664/1: 410,6         expelli? >Quid de | innumeris  per totum
  Gelasius I, J 664/1: 411,13    perdurarunt, >quid fidei | communionique
  Gelasius I, J 664: 414,6      non  habentes >quid pro suae perditionis
  Gelasius I, J 664: 414,8            penitus >quid  loquantur. Ubi magis
  Gelasius I, J 664: 414,31      | percutere: >quid fieret, si subinde fas 
  Gelasius I, J 664: 417,35       omittamus,  >quid, quod ipse Zenon |
  Gelasius I, J 664: 418,34       est. Nam et >quid ageretur | de fide
  Gelasius I, J 664: 418,37         et ceteri >quid caverent,  ex illorum |
  Gelasius I, J 664: 420,8           excludi? >Quid per totum  Orientem de |
  Gelasius I, J 664: 421,50      perdurarunt, >quid fidei | communionique 
  Gelasius I, J 665a: 438,4       profitetur, >quid etiam in  hoc |
  Gelasius I, J 665a: 440,20    Et | adjecit: >Quid videatur fraternitati
  Gelasius I, J 665a: 442,2       ut nossent, >quid vitarent et quid
  Gelasius I, J 665a: 442,2       vitarent et >quid consequenter | ambirent,
  Gelasius I, J 724: 449,12           ac | ne >quid de episcopali domo 
  Gelasius I, J 724: 450,17       extrinsecus >quid agatur, tamen |
  Gelasius I, J 724: 450,21   submotus, donec >quid in | perpetuum de tali
  Gelasius I, J +702: 474,32        virtutis. >Quid enim |   | conati non
  Gelasius I, J 682: 493,16   Gelasius papa.  >Quid novae aedificationi
  Gelasius I, J 741: 497,18      generari. Si >quid  vero in ecclesiae |
  Gelasius I, J 741: 497,21       signate, ut >quid fieri debeat censeamus. |
  Gelasius I, J 740: 498,10   habeatur ratio, >quid ad causas vel expensas
  Gelasius I, J 740: 498,17             | Si  >quid forte sub annua
  Gelasius I, J 673: 509,8     animo adponat, >quid hic verbis subsequens |
  Gelasius I, J 627: 401,12         inspecto, >quid in ceteris cauere iam
  Gelasius I, J 627: 402,14      sanctorum et >quid de se | ipsi magis 
  Gelasius I, J 627: 402,15    audiamus quam, >quid uel temere cogitandum |
  Gelasius I, J 627: 406,14     laboraret, et >quid non solum fidelibus |
  Gelasius I, J 627: 406,15         sed etiam >quid de se ipso | pronuntiet, 
  Gelasius I, J 627: 408,3      non aduertat, >quid  interesse potuerit,
  Gelasius I, J 627: 415,24      triumphum | (>quid enim praestaretur 
  Gelasius I, J 627: 418,20              quae >quid | ingemescat quidue
  Gelasius I, J 627: 419,6      noscatur, et, >quid gemeret, euidenter
  Gelasius I, J 627: 419,19       uidet quis, >quid sperat? si autem quod 
  Gelasius I, J 627: 419,22   uita  fidelium, >quid in fide | teneant, quid
  Gelasius I, J 627: 419,22   fide | teneant, >quid in spe sustineant, quid 
  Gelasius I, J 627: 419,22   spe sustineant, >quid  tota caritate
  Gelasius I, J 627: 425,20             ecce, >quid  interest inter | sobolem
  Gelasius I, J 627: 429,11    uoluit inquit: >quid adhuc quaeris? prout
  Gelasius I, J 627: 434,24    | uideatur, si >quid de  resuscitato corpore
  Gelasius I, J 627: 435,12      | perfectum. >quid ergo facient, cum  rursus
  Gelasius I, J 627: 435,17      | conueniat? >quid itaque uelit sibi, quod
  Gelasius I, J CollAv: 444,2             num >quid forte causae uel
  Gelasius I, J CollAv: 444,16   Alexandrini. >quid multa? damnatur |
  Gelasius I, J CollAv: 446,6     congregati, >quid | Alexandriae factum 
  Gelasius I, J CollAv: 448,10         ut  si >quid sibi humanitus forte
  Gelasius I, J 672: 456,1      |  |  | modo, >quid uis de te? numquid quia
  Gelasius I, J 672: 456,16             tanto >quid etiam in te pro rerum
  Gelasius I, J 672: 457,4      autem propter >quid instituta  sunt, |
  Gelasius I, J 672: 457,12          inuenta. >quid | dicturi estis de peste,
  Gelasius I, J 672: 457,16       | prouisa,  >quid inani turbatione
  Gelasius I, J 672: 457,16        iactamini? >quid Tuscia, quid | Aemilia 
  Gelasius I, J 672: 457,16      quid Tuscia, >quid | Aemilia  ceteraeque
  Gelasius I, J 672: 458,6        remouendam. >quid  in Africa unde |
  Gelasius I, J 672: 458,7      | sterilitas? >quid in Galliis? Lupercalia
  Gelasius I, J 672: 458,15     sublata.  sed >quid dicitis | uos ipsi, qui
  Gelasius I, J 672: 459,23           ipsi, | >quid uobis salutis impendat,
  Gelasius I, J 672: 460,11    non  potestis: >quid dicturi | estis de
  Gelasius I, J 672: 462,1         deducitis? >quid imputatis nobis, cum |
  Gelasius I, J 672: 462,13   | tractabatur,  >quid quaeritis eius imaginem,
  Gelasius I, J 672: 463,12        existere.  >quid me incusas, si quod
  Gelasius I, J 670: 87,31         constare,  >quid aliud quam |
  Gelasius I, J 670: 88,13      | reuoluamus, >quid de conceptu eius
  Gelasius I, J 670: 88,13    eius edixerint, >quid de partu, quid de una |
  Gelasius I, J 670: 88,13     quid de partu, >quid de una | eademque persona
  Gelasius I, J 670: 88,14     | hominis dei, >quid ante  passionem de eodem
  Gelasius I, J 670: 88,17        ascenderit, >quid de eodem ad caelos
  Gelasius I, J 670: 88,17   promissum | sit, >quid de eo nunc  in caelis
  Gelasius I, J 670: 88,18        constituto, >quid de eius | aduentu cuncta
  Gelasius I, J 670: 88,24           | utique >quid loquantur neque de quibus
  Gelasius I, J 670: 91,19         hominis et >quid me quaeritis occidere,
  Gelasius I, J 670: 92,13           naturae. >quid quod ipsi etiam unam |
  Gelasius I, J 670: 92,24    domino  nostro, >quid secundum deum, quid
  Gelasius I, J 670: 92,24     secundum deum, >quid secundum hominem |
  Gelasius I, J 670: 95,7           sed per | >quid crucifixus  sit dominus
  Gelasius I, J 670: 99,21     | an excelsus? >quid autem humile nisi quod
  Gelasius I, J 670: 99,21      quod humanum? >quid  uero | aliud praeter
  Gelasius I, J 670: 99,35       constituit?  >quid est splendor gloriae et
  Gelasius I, J 670: 99,35         gloriae et >quid quod clauis | transfixum
  Gelasius I, J 670: 101,27     ipso dicebat: >quid | me quaeritis  occidere,
  Gelasius I, J 669: 106,26       | instruens >quid aduersus Graecos debeat
  Gelasius I, J 669: 107,23         adtentius >quid de eodem Petro tunc cum |
  Gelasius I, J 669: 107,28      ualidissimum >quid de Timotheo, quid de |
  Gelasius I, J 669: 107,28      de Timotheo, >quid de | Petro senserit. uere
  Gelasius I, J 669: 108,16         conatus.  >Quid igitur nobis faciendum
  Gelasius I, J 701: 8,10         subsistunt. >quid enim? quia | in libris
  Gelasius I, J 622: 16,6          praestare. >quid sibi  uult autem quod |
  Gelasius I, J 622: 17,10       dum nesciunt >quid loquantur. | contra quos
  Gelasius I, J 622: 19,5      persequentes.  >Quid tamen dicerent, si non
  Gelasius I, J 632: 21,26     posse componi. >quid | nos de totius  orbis
  Gelasius I, J 632: 24,5           iam hic | >quid sit magis sequendum, sub 
  Gelasius I, J 632: 24,12     | ministramus, >quid uocandi sunt qui
  Gelasius I, J 665: 24,27         orientis | >quid ergo? isti prudentes uiri
  Gelasius I, J 665: 25,6          antistes,  >quid mirum si | qui in oriente
  Gelasius I, J 665: 25,9       | respuerunt? >quid excusationem de
  Gelasius I, J 665: 25,33          confessi? >quid igitur restat | nisi ut
  Gelasius I, J 665: 26,6   factus et poenae. >quid igitur ambagibus et
  Gelasius I, J 665: 27,10    iure recepisti, >quid causaris, | si illum ego
  Gelasius I, J 665: 27,28        | accedat.  >quid enim si doceatur non
  Gelasius I, J 665: 27,35     | Acacius? sed >quid profuit quod illi per se
  Gelasius I, J 665: 28,1    |  |  | inuidia? >quid facimus de tot tantisque
  Gelasius I, J 665: 28,11       se indicant  >quid apostolica sedes
  Gelasius I, J 665: 29,1      | pellerentur; >quid denique  commisissent, ut
  Gelasius I, J 665: 29,14     sit  ostendere >quid secundum | regulas et
  Gelasius I, J 665: 29,22           commoneo >quid | fieri ecclesiastico
  Gelasius I, J 665: 29,32       sentire | et >quid sedes  antistites
  Gelasius I, J 665: 30,7        consortium.  >Quid | igitur de ignorantia
  Gelasius I, J 665: 30,10    non audieratis  >quid de fide et | communione
  Gelasius I, J 665: 30,12           errasse. >quid illos ** uel | suo
  Gelasius I, J 665: 30,13     an cognoscendo >quid sedes | apostolica
  Gelasius I, J 665: 30,18       per illos et >quid nostra definitio |
  Gelasius I, J 665: 30,20      ignorasse uos >quid sedes | apostolica
  Gelasius I, J 665: 30,24       perdurarunt, >quid fidei communionique 
  Gelasius I, J 665: 32,4          haeretico. >quid enim iuuat, si illi non
  Gelasius I, J 665: 32,11         ac per hoc >quid profuit, quod uidere
  Gelasius I, J 665: 32,26       | ac per hoc >quid queruntur a nobis Acacium
  Gelasius I, J 620: 50,15   magna de paruis. >quid enim de me sentiam, | cum
  Gelasius I, J 620: 50,26         | utimini, >quid sibi uelit, pariter
  Gelasius I, J 620: 51,19        descendere? >quid tacetis? quid | uerecunda
  Gelasius I, J 620: 51,19      quid tacetis? >quid | uerecunda ini uerbis
  Gelasius I, J 620: 53,18   ** uobis placet (>quid statis? quid |
  Gelasius I, J 620: 53,18      (quid statis? >quid | circumspicitis?), simul
  Gelasius I, J 620: 53,20        defendite  (>quid enim iuuat, immo et satis
  Gelasius I, J 628: 56,24      in Christo? | >quid igitur nunc agimus? 
  Gelasius I, J 628: 56,30   funesta pericula >quid prode est | euasisse
  Gelasius I, J 624: 57,28     medicinam. sed >quid facimus? quia | obduratis
  Gelasius I, J 624: 58,15     integritas uel >quid forsitan | adseratur,
  Anastasius II, J 744: 617,1        Tu autem >quid judicas fratrem tuum? Aut
  Anastasius II, J 744: 617,18      dixit: | ">quid cogitatis mala in
  Anastasius II, J 744: 618,3       qui novit >quid cuique tribuendum sit
  Anastasius II, J 744: 619,14            Nam >quid tenendum sit in |
  Anastasius II, J 744: 620,8   nunc Israel,  >quid dominus Deus tuus
  Anastasius II, J 751: 634,14     in utroque >quid Deus benefaciendo usque
  Anastasius II, J 751: 634,18     proposita, >quid ei pro malo usu et
  Anastasius II, J 751: 636,14   peccaverunt. >Quid ad hoc mortui homines
  Anastasius II, J 751: 636,35           | et >quid  ab initio usque ad finem
  Anastasius II, J 751: 637,20             ne >quid catholicae | Ecclesiae
  Symmachus -, J 764: 40,7         ecclesiis, >quid | observare  debeant,
  Symmachus -, J 752+: 153,25      extulerit. >quid enim sententiae sequacium
  Symmachus -, J 752+: 154,3              sed >quid epistulae | terminos
  Symmachus -, J 761: 153,18        exigatur. >quid enim Christus dicat de |
  Symmachus -, J 761: 153,30   | scandalizato >quid prompserit, ipsius, ut
  Symmachus -, J 761: 154,10     omne uerbum. >quid | cum et in humano
  Symmachus -, J 761: 154,11    | approbata, (>quid) facies, imperator, in
  Symmachus -, J 761: 154,24     ostende ergo >quid existimes argumentum, ut 
  Symmachus -, J 761: 155,19    haereticis? | >quid ad me, inquies, quod 
  Symmachus -, J 761: 156,16      moliuntur.  >quid interest | enim utrum
  Symmachus -, J Act.399: 403,3   sancientes, >quid circa Romani | episcopi
  Symmachus -, J Act.399: 403,21     habita | >quid placeat, ex omnibus
  Symmachus -, J Act.399: 419,14   tamen,  si >quid deceret potius
  Symmachus -, J Act.399: 421,1   ambiguum? | >quid profuit sine  ulla de
  Symmachus -, J Act.399: 421,2     negotium, >quid tantarum ecclesiarum 
  Symmachus -, J Act.399: 421,3    suspensum? >quid spei erit | reliquum, si
  Symmachus -, J Act.399: 421,22     et deus, >quid in ipsa causa iudicare |
  Symmachus -, J Act.399: 422,7         Et ne >quid omisisse | videamur,  cum
  Symmachus -, J Act.399: 422,10           ne >quid dubitationis habeat.
  Symmachus -, J Act.399: 423,6        regis, >quid de me deliberet
  Symmachus -, J Act.399: 423,7        quibus >quid responsi dederit, sua
  Symmachus -, J Act.399: 423,11   appellat,  >quid erit faciendum? nec in
  Symmachus -, J Act.399: 445,17          'Ne >quid | confusionis atque
  Symmachus -, J Act.399: 446,10        vobis >quid videtur? de | me licuit 
  Symmachus -, J 763: 719,5          deflere? >Quid Acacium? Qui quasi | boni
  Symmachus -, J 763: 720,29     hortari: sed >quid opus est vocis stimulis,
  Symmachus -, J 763: 676,42         velint.  >Quid ad | haec vobis,
  Symmachus -, J 763: 677,4   praesumpserint, >quid super his vobis | videtur
  Hormisdas -, J 772: 498,7   quia utique, si >quid ignorantia tale |
  Hormisdas -, J 773: 503,1   | praecepistis, >quid fieri oporteat, per
  Hormisdas -, J 779: 506,3         expectat. >quid opus est  apud | illum
  Hormisdas -, J 775: 512,7       apparescat. >quid | enim quadraginta 
  Hormisdas -, J 775: 512,12    | discipulos: >quid cogitatis in cordibus
  Hormisdas -, J 774: 516,18       consentit, >quid ille fecit, quod in | eum
  Hormisdas -, J 780: 525,8     | confitetur. >quid gloriemur  his, quas non
  Hormisdas -, J 782: 532,12         Romanae, >quid plenius circa  uos |
  Hormisdas -, J 789: 544,2       legatio, si >quid de unitatis |
  Hormisdas -, J 789: 544,7         exemplum. >quid egit tunc | uulgus aut
  Hormisdas -, J 791: 547,10      uocatus, et >quid  ab eo expectetur
  Hormisdas -, J 791: 547,24     aestimandum, >quid in eo deceat esse
  Hormisdas -, J 791: 548,15       commissis? >quid prodest cuilibet
  Hormisdas -, J 798: 555,8          inuidia? >quid aliud quam beati Petri,
  Hormisdas -, J 795: 556,25   | instruximus. >quid autem propitio deo uobis
  Hormisdas -, J 796: 557,20   Nicopolitanum, >quid (opera) uestra |
  Hormisdas -, J 784: 560,21         | cupit, >quid studii circa mandata
  Hormisdas -, J 784: 561,2   recolere et, si >quid aduersum eos | admonitio
  Hormisdas -, J 784: 561,7       uestram, si >quid actum fuisset, competens 
  Hormisdas -, J 784: 562,6         uidistis. >quid | enim de hac causa
  Hormisdas -, J 800: 576,11       sequamur.  >quid non deferendum est | rei?
  Hormisdas -, J 800: 576,11       est | rei? >quid denegandum est ueritati? 
  Hormisdas -, J 800: 576,12   est ueritati?  >quid non debitum redemptori? |
  Hormisdas -, J 800: 576,23     salutem. sed >quid |   |   | mirum, si oues
  Hormisdas -, J 802: 589,6   causa notitiam. >quid igitur facere  debeant
  Hormisdas -, J 803: 590,16       post haec  >quid | restat, nisi ut sedis
  Hormisdas -, J 806: 597,15     | uota'? sed >quid opus est de iudicatis
  Hormisdas -, J 808: 598,10    responsum et, >quid in his gratulati fuerimus
  Hormisdas -, J 808: 598,11       insertum,  >quid | taciturnitate
  Hormisdas -, J 808: 599,1    unitatis causa >quid exigat; scis ipse, qua
  Hormisdas -, J 805: 606,9      | contemnit, >quid necesse est, ut ad
  Hormisdas -, J 805: 606,12      | uoluerit, >quid sit quod ab episcopo 
  Hormisdas -, J 805: 607,6          fuerint, >quid ipse fecerit, |
  Hormisdas -, J 819: 623,27           et, si >quid usquam uestigiorum eius |
  Hormisdas -, J 841: 630,10         tractatu >quid ordinari | debuerit
  Hormisdas -, J 842: 632,16       | tractatu >quid ordinari debuerit
  Hormisdas -, J 821: 633,19             | si >quid in hac causa fuerit minus
  Hormisdas -, J 836: 647,3   | instructi, si >quid reprehensione dignum
  Hormisdas -, J 852: 668,29          aliena: >quid enim uotis  nostris magis
  Hormisdas -, J 815: 681,4           diem et >quid deinceps egeritis, per
  Hormisdas -, J 815: 681,6   possitis et, si >quid instructioni, | quam
  Hormisdas -, J 840: 692,22   incumbere. nam >quid prodest | ecclesiam
  Hormisdas -, J 849: 694,23    diu moramini, >quid geratur, | instructe
  Hormisdas -, J 850: 700,10       assereret. >quid ergo | calumniantibus
  Hormisdas -, J 850: 700,15     | gratia dei >quid Romana  hoc est catholica
  Hormisdas -, J 850: 700,21     considerat,  >quid sequi debeat euidenter
  Hormisdas -, J 857: 717,4        quibus uel >quid quaestionis oriretur |
  Hormisdas -, J 857: 717,11     | obsequium. >quid enim est, quod 
  Hormisdas -, J 857: 718,13      in nostris. >quid ergo est post illum |
  Hormisdas -, J 857: 719,18      notum etiam >quid | sit proprium spiritus
  Hormisdas -, J 857: 721,3      | declarans. >quid enim intererat ut quem se
  Hormisdas -, J 857: 721,8        ueritatis? >quid | intererat, ut apparente
  Hormisdas -, J 857: 721,12        fidelium, >quid esset, possit | agnosci?
  Hormisdas -, J 857: 722,12     ut | sciatur >quid personae, quid  nos
  Hormisdas -, J 857: 722,12   quid personae, >quid  nos oporteat deferre
  Hormisdas -, J 857: 722,14   dum | omittunt >quid sit proprium  filii,
  Hormisdas -, J 861: 726,23             est, >quid faciendum | sit, quid
  Hormisdas -, J 861: 726,23           | sit, >quid cauendum,  ita omnia
  Hormisdas -, J 861: 732,13     uenerunt, ne >quid | omisisse credamur, 
  Hormisdas -, J 859: 739,26     | adscitum.  >quid est enim, quod de eo
  Hormisdas -, J +868: 529B,19    | et utique >quid aliud quam poenitens 
  Hormisdas -, J 786: 787,13      facultatem. >Quid enim aut nobis | dulcius,
  Hormisdas -, J 786: 788,7   serventur, sive >quid de  ecclesiasticis causis
  Hormisdas -, J 787: 791,12     consenserit. >Quid prodest | illi suo errore
  Hormisdas -, J 862: 931,2        | divinis, >quid universaliter catholica
  Hormisdas -, J 862: 931,2      Ecclesia vel >quid | post haec vitare
  Hormisdas -, J 855: 980,25      concessum,  >quid debeat mens Deo placitura
  Hormisdas -, J 856: 981,9       episcopus.  >Quid tam dulce sollicito, |
  Hormisdas -, J 856: 981,10      quae cupio? >Quid tam | religiosis
  Hormisdas -, J 856: 982,3              | ne >quid sibi sub spatio
  Felix IV, J 877: 319,22    | conpleatur. Si >quid tamen ex pensionibus vel
  Felix IV, J 874: 45,15    peccatis alienis. >Quid | sibi vult: Ne citius
  Bonifatius II, J 881: 33A,13   non possumus >quid ad credendum in Christo, 
  Johannes I, J +872: 695,29          servum? >Quid | auribus imperitis 
  Johannes II, J 885: 206,14     tamen,  ne | >quid uestris sensibus
  Johannes II, J 885: 206,14        ambiguum, >quid epistolae tenor | habeat,
  Johannes II, J 885: 206,14        | habeat, >quid textus  dogmatis
  Johannes II, J 885: 208,5     Item eiusdem: >Quid enim nos | sapimus atque
  Johannes II, J 885: 209,29           filii, >quid sperauerit imperator, 
  Johannes II, J 885: 209,30      imperator,  >quid Romana | sequatur et
  Johannes II, J +889: 706,19         LXXII.: >Quid enim mihi est in celo, et
  Johannes II, J +889: 706,19      et ad | te >quid  volui super terram. Haec
  Agapitus I, J 897: 50C,3      sanctionibus  >quid | contrarium per vos
  Agapitus I, J 890: 56,29   exaudiet | eum'. >Quid est enim infirmius
  Agapitus I, J 890: 57,11       Praeterea ne >quid | esset, quod caritati
  Agapitus I, J 894: 335,23      offensio, ne >quid pietatem | uestram 
  Agapitus I, J 894: 336,19      praemonente: >quid enim? | si  quidam eorum
  Agapitus I, J 894: 338,4        suggessit,  >quid in hac parte sedis |
  Agapitus I, J 894: 338,7      iniungendis,  >quid seruato beati Petri,
  Agapitus I, J +895: 707,47        deitatis; >quid sit quod caro sine |
  Agapitus I, J +895: 707,48    non agit, et  >quid sit quod verbum sine
  Agapitus I, J +895: 708,11    | temperaret. >Quid igitur? Cum Christus sit
  Vigilius -, J 937: 141,11          | tandem >quid apud uos  scandali contra
  Vigilius -, J 937: 141,16    in cubili suo. >quid autem | iniquius quam 
  Vigilius -, J 937: 141,30      proposuimus, >quid de epistola | quae ab Iba
  Vigilius -, J 937: 144,15   ex scripto dare >quid sentit uel sapit de pia
  Vigilius -, J 937: 145,1      ueritatis. et >quid est | quod in capitulis 
  Vigilius -, J 937: 145,17      scripto dare >quid  sentit uel sapit de pia 
  Vigilius -, J 937: 145,23       | episcopus >quid de pia fide sentiret, 
  Vigilius -, J 937: 145,30        ostendere  >quid de | pia fide sentiret.
  Vigilius -, J 937: 145,33        impietatem >quid de pia fide sentiret, |
  Vigilius -, J 937: 145,34       sinceritate >quid | sapiebat, necessarium 
  Vigilius -, J 937: 149,31       et cetera.  >Quid hac probatione clarius,
  Vigilius -, J 937: 149,31          clarius, >quid | euidentius dici potest
  Vigilius -, J 937: 150,16              | si >quid uel leui derogatione post
  Vigilius -, J 937: 151,28     monstrabatur. >quid quod  ipse Hibas |
  Vigilius -, J 937: 152,12          | Deinde >quid ipsa uerba Hibae episcopi
  Vigilius -, J 937: 153,20     | confutatam, >quid e uestigio Theophilus
  Vigilius -, J 937: 154,20     | nos oportet >quid patres nostri in
  Vigilius -, J 937: 157,9      non dubitatur >quid eius scriptor defendendo 
  Vigilius -, J 937: 158,22      conueniat. | >quid est enim quod dicitur per
  Vigilius -, J 937: 159,32      ex scripto | >quid de  recta fide senserit,
  Vigilius -, J 937: 160,5         corrigens, >quid de pia | fide sentiret,
  Vigilius -, J 937: 160,24         adserens, >quid ex ea re etiam |
  Vigilius -, J 937: 164,18    scripto | dare >quid de pia fide sentiret, et
  Vigilius -, J 937: 165,38        nobis est, >quid de Theodoro Mompsuesteno 
  Vigilius -, J 930: 11,29         ordinata,  >quid de ipsa re | facto opus
  Vigilius -, J 907: 16B,3           tamen si >quid ex | his in Ecclesia quae
  Vigilius -, J 907: 16B,11      de singulis  >quid juxta catholicam
  Vigilius -, J 907: 17C,1     |  | similiter >quid apostolica vel sanxerit
  Vigilius -, J 907: 18A,5   | morte demersi, >quid per singulos ordines, 
  Vigilius -, J 927: 44A,14      effectum, et >quid de eodem judicato |
  Vigilius -, J 914: 60,22   in medio eorum.' >Quid ergo se | aestimat
  Vigilius -, J 919: 63,32   Ur  vobiscum: si >quid natum | fuerit
  Vigilius -, J 919: 64,18       scientibus,  >quid Christus | Deus dominus
  Vigilius -, J 918: 65,26         est'. Item >quid commonendo Timotheum
  Vigilius -, J 936: 124B,12   investigaremus >quid de praedictis | tribus
  Vigilius -, J 935: 235,17      uos interim, >quid | de  tribus sentiretis
  Vigilius -, J 935: 240,23      suscipiebat? >quid uehementioribus |
  Vigilius -, J 935: 240,29    descendebat? | >quid autem et angeli aduentu
  Vigilius -, J 935: 243,4     sicut dicunt,  >quid sancti spiritus
  Vigilius -, J 935: 246,15       | faciunt,  >quid mirandum est, si in
  Vigilius -, J 935: 248,18            dicit. >quid autem dicit? in principio
  Vigilius -, J 935: 263,10     surrexerunt?' >quid igitur | dicant et de 
  Vigilius -, J 935: 263,12    per tres dies? >quid autem propter alia per |
  Vigilius -, J 935: 286,26            ut  si >quid de persona uel nomine
  Vigilius -, J 935: 290,9    perspeximus, si >quid de his, qui iam  defuncti
  Vigilius -, J 935: 292,23          nomine | >quid sancti patres  nostri
  Vigilius -, J 935: 294,1     damnauit. |  | >quid enim aliud est mendaces
  Vigilius -, J 935: 296,30   quaesiuimus, si >quid de ea priscis |   |
  Vigilius -, J 935: 297,13       requisitum, >quid de eiusdem constituendum
  Vigilius -, J 935: 298,2         ecclesiae, >quid oporteat  de | eo
  Vigilius -, J 935: 313,1         conuellere >quid  aliud | est quam de
  Vigilius -, J 935: 318,9   quaestionem. si  >quid uero de eisdem tribus |
  Vigilius -, J 910: 349,21      | damnantes, >quid cuncti generaliter sequi
  Vigilius -, J 911: 354,18       constituta. >quid | enim caritati tuae
  Vigilius -, J 911: 354,20     doctrina? aut >quid nobis iucundius quidue |
  Pelagius I, J 948: 27,17             ut, si >quid | tale factum est, 
  Pelagius I, J 948: 27,21       cautelam, ne >quid contra | ecclesiasticas
  Pelagius I, J 976: 52,23              Et si >quid est in cespite, per
  Pelagius I, J 978: 55,4       sed nesciens  >quid sequendum | esset
  Pelagius I, J 978: 56,23         dicantur.  >Quid ergo fieri potest, ut |
  Pelagius I, J 978: 57,34      de me taceam, >quid, rogo, de totius |
  Pelagius I, J 978: 59,76              eius, >quid | dicat;  ait enim: Neque
  Pelagius I, J 983: 75,16            (Item). >Quid autem iam | de eorum
  Pelagius I, J 983: 75,19   potuit obtinere? >Quid enim in | eiusdem
  Pelagius I, J 983: 77,65             audite >quid in quodam opere suo
  Pelagius I, J 992: 89,1   Cethego patricio. >Quid de ordinando | ecclesiae
  Pelagius I, J 1003: 124,33     mediante te, >quid episcopo ipsi eulogiae
  Pelagius I, J 970: 130,2         audiremus. >Quid enim grauius ab  aliquo
  Pelagius I, J 1011: 137,40     erigere. Sed >quid de talibus insertus |
  Pelagius I, J 1011: 138,66          uestra, >quid Deus per | uos fecerit 
  Pelagius I, J 1011: 139,70               et >quid fieri debuisset eius
  Pelagius I, J 1012: 141,17    conpraessum,  >quid in minoribus ualeant,
  Pelagius I, J 1018: 157,24          est. Si >quid | autem de causa
  Pelagius I, J 1019: 160,11        episcopis >quid dicam? quos idonea est |
  Pelagius I, J 1019: 160,14         cum,  si >quid eos de iudicio
  Pelagius I, J 1036: 194,12    | ei omne, si >quid uel multiplicibus et
  Pelagius I, J 957: 214,5    dispungenda, ut >quid ecclesiasticis
  Pelagius I, J 957: 214,6    debeatur, | uel >quid a quoquam usurpatum sit,
  Pelagius I, J +973: 714,42      Iterum ibi: >Quid nobis et quid tibi, Iesu
  Pelagius I, J +973: 714,42    Quid nobis et >quid tibi, Iesu filii dei, |
  Pelagius I, J +973: 715,2       innotescat, >quid contra impium sensum |
  Johannes III, J +1042: 716,46   quomodo aut >quid | loquamini, dabitur enim
  Johannes III, J +1042: 717,1  |  | illa ora >quid loquamini; non enim vos
  Johannes III, J +1042: 717,19   despiciunt, >quid erunt? Profecto quod
  Pelagius II, J 1054: 105,7   prophetam, num >quid | obliuiscitur mulier
  Pelagius II, J 1054: 106,25       remanere. >quid enim uos a sanctae |
  Pelagius II, J 1054: 106,31              si >quid | forte causae est,  unde
  Pelagius II, J 1055: 108,35     iudicatum | >quid a nobis fieret,
  Pelagius II, J 1055: 109,36    sic ait: "si >quid sane ab his fratribus 
  Pelagius II, J 1055: 110,2    sit causa uel >quid piae recordationis  Leo |
  Pelagius II, J 1055: 110,28    sit apertum, >quid | tamen beatus Augustinus
  Pelagius II, J 1055: 111,28                 >quid cupidius appetere,  quid
  Pelagius II, J 1055: 111,29      appetere,  >quid magis uelle ac tenere |
  Pelagius II, J 1056: 112,36     recalescit. >quid igitur | inter haec
  Pelagius II, J 1056: 113,10      ait: et si >quid patitur unum  membrum, |
  Pelagius II, J 1056: 113,20     populi mei? >quid | enim per resinam, quae 
  Pelagius II, J 1056: 113,23          ligat? >quid  per | Galaad, quae
  Pelagius II, J 1056: 113,25      | dicitur? >quid per medici uocabulum nisi
  Pelagius II, J 1056: 113,26    praedicator? >quid per non obductam filiae
  Pelagius II, J 1056: 114,22     conuellere, >quid aliud | est quam de
  Pelagius II, J 1056: 114,28      epistola | >quid praemisit. ait enim ad
  Pelagius II, J 1056: 114,36    truncatur, | >quid aliud quam in uerbis
  Pelagius II, J 1056: 115,1      respicere." >quid | igitur? cum prohiberet
  Pelagius II, J 1056: 115,25        recepit, >quid est aliud  nisi | quod
  Pelagius II, J 1056: 116,26            ipse >quid superius dicat. ait enim:
  Pelagius II, J 1056: 118,22    agnouissent. >quid  enim diuini consilii |
  Pelagius II, J 1056: 119,23      permaneat, >quid obstat, si | ignorantiam
  Pelagius II, J 1056: 120,33        dicunt,  >quid | sancti spiritus
  Pelagius II, J 1056: 122,3     surrexerunt? >quid igitur dicant et de
  Pelagius II, J 1056: 122,4   per tres dies? >quid | autem propter alia per
  Pelagius II, J 1056: 123,2    | usus, et si >quid peius. iste per
  Pelagius II, J 1056: 123,11   "homo  Iesus; >quid est | enim homo quod
  Pelagius II, J 1056: 123,13          Iesum. >quid ergo? homo Iesus 
  Pelagius II, J 1056: 126,30        nititur, >quid aliud quam gesta eiusdem 
  Pelagius II, J 1056: 127,3     excaecauit.  >quid ergo illic | de ueritate
  Pelagius II, J 1056: 127,25    continentur. >quid enim supererat  quod
  Pelagius II, J 1056: 128,8      dicens: "si >quid sane | ab his fratribus,
  Pelagius II, J 1056: 128,20             "si >quid sane ab his | fratribus
  Pelagius II, J 1056: 131,23        meliori. >quid itaque | obstat, si dum 
  Pelagius II, J 1056: 131,27       defensos? >quid namque | in haeresiarchis
  Pelagius II, J 1056: 131,28    deterius, et >quid in historiographis |
  Pelagius II, J 1056: 132,20    licet paruum >quid | senserit, numquam 
  Pelagius II, J +1051: 722,10    karissime,  >quid e vicino subsequitur, cum
  Pelagius II, J +1051: 722,40      dicit: Si >quid | patimini propter
  Pelagius II, J +1049: 728,21       noverint >quid super his sit agendum |
  Pelagius II, J +1049: 728,22   agendum | et >quid vitandum. Nimis enim
  Pelagius II, J +1049: 729,30     destruens: >quid prodest illi nisi  labor?
  Pelagius II, J +1049: 729,32    tangit eum, >quid proficit lavatio ipsius?
  Pelagius II, J +1049: 729,33       fatiens, >quid | proficit humiliando se?
  Pelagius II, J 1048: 449,1   praedicatis: | >quid non et tribulationis 
  Gregorius I, J 1068: 3,16         quia | si >quid minus hic  Transmittitur
  Gregorius I, J 1069: 4,10   Roma inceperis  >quid meroris, quid
  Gregorius I, J 1069: 4,10     quid meroris, >quid amaritudinis | ego
  Gregorius I, J 1070: 4,18    nos | iubemur, >quid est, quod me beatitudo
  Gregorius I, J 1071: 5,18        legitis, | >quid  de mea devotione
  Gregorius I, J 1073: 7,12       qui audivi, >quid intus perdidi, dum |
  Gregorius I, J 1076: 11,10       etiam si | >quid sanctae Romanae ecclesiae
  Gregorius I, J 1077: 12,11          Quod si >quid | ex eis vel neglegentia
  Gregorius I, J 1092: 28,14       videt. Nam >quid antistes ad | Dominum 
  Gregorius I, J 1092: 30,11      indiscretum >quid vel inutile | cogitet,
  Gregorius I, J 1092: 31,26       oritur. Et >quid | per byssum,  nisi
  Gregorius I, J 1092: 32,7           dicere, >quid est aliud, | quam tacendo
  Gregorius I, J 1092: 32,31      sacerdotis, >quid aliud, quam recta opera
  Gregorius I, J 1092: 33,2    coniunguntur.  >Quid enim per mala punica,
  Gregorius I, J 1092: 34,1   foris ambigunt, >quid disponant, ad mentem |
  Gregorius I, J 1092: 34,17          latent. >Quid namque duodecim bubus, |
  Gregorius I, J 1092: 35,35     capita sua'. >Quid enim signant capilli in |
  Gregorius I, J 1103: 46,3   | vel exhibita, >quid speculatorem vel
  Gregorius I, J 1103: 46,15   postposita, ad >quid sis delapsus, agnoscis. 
  Gregorius I, J 1103: 46,25      Pensa ergo, >quid  factura est de perverso
  Gregorius I, J 1103: 46,35        pulveris, >quid facturus est ad iudicium 
  Gregorius I, J 1102: 53,33     decet, ut si >quid in eis sanctae ecclesiae 
  Gregorius I, J 1102: 54,3             V. Si >quid vero iuste conspicis |
  Gregorius I, J 1111: 58,10    cognoscitis,  >quid | sit iam scitis, quamvis
  Gregorius I, J I,41a: 59,11    extollantur, >quid | agant. Adtestantur huic
  Gregorius I, J I,41a: 59,25          voluit >quid sit episcopus,  quia
  Gregorius I, J I,41a: 60,13         veniat, >quid | fiendum est, nisi ut 
  Gregorius I, J I,41a: 60,19      tetigerit? >Quid si uxorem non habuerit,
  Gregorius I, J 1112: 62,11   nisi forte  si >quid est, quod nautae iuxta |
  Gregorius I, J 1112: 65,30    qua mutatione >quid aliud agitur, nisi ut |
  Gregorius I, J 1112: 68,3      suo | statue >quid accipiat, ut  ei vacuus
  Gregorius I, J 1112: 68,5   non anhelet. Si >quid vero sine peccato, sine
  Gregorius I, J 1112: 69,5       ut  sciant, >quid sibi contra violentias
  Gregorius I, J 1112: 69,10        | Audisti >quid volo, vide quid agas. | 
  Gregorius I, J 1112: 69,10       volo, vide >quid agas. |   | Gregorius
  Gregorius I, J 1118: 75,2    quod absit, si >quid adversi contigerit |
  Gregorius I, J 1133: 85,17   de  cetero, ne >quid | transmittere debeas,
  Gregorius I, J 1149: 99,14         seu si | >quid debet et restituit, 
  Gregorius I, J 1159: 107,10    | didicimus, >quid etiam de  subsequenti tua
  Gregorius I, J 1162: 110,17          et nos >quid fiendum sit matura
  Gregorius I, J 1179: 123,5     Donec igitur >quid de persona  praedicti |
  Gregorius I, J 1182: 126,6      fuerunt; si >quid enim illic munificentiae
  Gregorius I, J 1183: 127,4           Sed ne >quid videretur omissum, aut
  Gregorius I, J 1190: 132,16   accipere.  Si >quid tamen | potueris mitius
  Gregorius I, J 1186: 138,6   est. Ex qua re >quid aliud  quam | favorem
  Gregorius I, J 1195: 142,11    cognoscentes >quid fiendum | sit adiutore
  Gregorius I, J 1196: 142,21     contemnant. >Quid si | verum est et ad
  Gregorius I, J 1198: 144,5       mirabar, | >quid esset quod illa  mihi
  Gregorius I, J 1200: 148,4         ergo, ne >quid pereat,  et | si captum
  Gregorius I, J 1200: 148,5     captum forte >quid fuerit, vocibus divinorum
  Gregorius I, J 1204: 153,23    quomodo aut  >quid loquamini. Dabitur enim |
  Gregorius I, J 1204: 153,23    in illa hora >quid loquamini. Non enim vos
  Gregorius I, J 1199: 156,12         dum 'si >quid patitur unum membrum,
  Gregorius I, J 1205: 159,12              Si >quid enim in | hac causa
  Gregorius I, J 1208: 162,15      quaeritur? >Quid  namque aliud quam pulvis
  Gregorius I, J 1216: 171,14        sciamus, >quid auxiliante Domino de |
  Gregorius I, J 1217: 172,14       nesciunt, >quid divinitus praecipiatur,
  Gregorius I, J 1231: 185,12         aut si  >quid dici contigerit et |
  Gregorius I, J 1234: 188,13            ne | >quid, quod ad cautelam
  Gregorius I, J 1236: 190,19      sciamus, | >quid de his  debeamus Christo
  Gregorius I, J 1247: 198,29      | quatenus >quid de hoc fieri debeat
  Gregorius I, J 1246: 199,12          Nam si >quid quod non credimus
  Gregorius I, J 1252: 203,30      ultione si >quid tale committitur, |
  Gregorius I, J 1254: 205,25   festina, ut | >quid fiendum sit a  vobis
  Gregorius I, J 1257: 208,20    verum dicit, >quid esse | deterius potest,
  Gregorius I, J 1257: 208,23              et >quid vel  contra Iohannem |
  Gregorius I, J 1257: 208,25         hoc ego >quid | respondeam,  |   |
  Gregorius I, J 1257: 209,33     devitamus.  >Quid autem de episcopis, qui |
  Gregorius I, J 1259: 212,13     fecisti. Et >quid dicturi sumus futuro |
  Gregorius I, J 1262: 217,9          ut | si >quid de his  salubriter et
  Gregorius I, J 1264: 218,10          aut si >quid pro diversorum |
  Gregorius I, J 1266: 221,7    meis loquens, >quid sum nisi | pulvis et
  Gregorius I, J 1266: 221,18      servo tuo, >quid | venienti et haec
  Gregorius I, J 1270: 224,17           Deus, >quid  contra contemptores
  Gregorius I, J 1267: 225,15    quibus donis >quid est meum | retribuere, 
  Gregorius I, J 1273: 233,22           Et si >quid de | tribus capitulis in
  Gregorius I, J 1275: 236,27     | quia etsi >quid in vestro animo 
  Gregorius I, J 1285: 247,26     ei | annuum >quid de nostra ecclesia dari
  Gregorius I, J 1287: 249,6    intuitum, non >quid Deo sed | quid  vobis
  Gregorius I, J 1287: 249,6   quid Deo sed | >quid  vobis placeat studetis
  Gregorius I, J 1296: 259,22       sortitae, >quid fieri | debeat, cum
  Gregorius I, J 1298: 261,7   permisit. Et | >quid  vos ammoneo, ut ad Deum
  Gregorius I, J 1302: 264,5        aut aliud >quid de corpore ipsius, suis
  Gregorius I, J 1302: 265,18     apostolorum >quid ego dicturus sum, dum
  Gregorius I, J 1302: 266,20        ut parum >quid ex | limatura accipiant
  Gregorius I, J 1307: 272,4          et | si >quid apud praedictam ecclesiam
  Gregorius I, J 1309: 274,7         Tamen si >quid est rationabile, quod ei
  Gregorius I, J 1320: 285,1              cui >quid de rebus monasterii
  Gregorius I, J 1320: 285,3       ut sciamus >quid de ea debeat sententia |
  Gregorius I, J 1322: 286,8                  >quid actum sit Cognovisti. Sed
  Gregorius I, J 1322: 286,15   cognoscerem,  >quid de eius persona |
  Gregorius I, J 1323: 288,19   relaxetur. Si >quid  amplius, iam iuxta |
  Gregorius I, J 1330: 296,11   notarii. Vide >quid | in lingua, quid in actu
  Gregorius I, J 1330: 296,11    | in lingua, >quid in actu episcopum deceat.
  Gregorius I, J 1164: 297,19       exemplum. >Quid enim diligere et quid
  Gregorius I, J 1164: 297,19     diligere et >quid timere debeant, |
  Gregorius I, J 1332: 300,31     commemorat, >quid aliud nisi vestram
  Gregorius I, J 1340: 304,14          te, ne >quid de rebus ecclesiae | suae
  Gregorius I, J 1338: 306,8            Et si >quid | fortasse reppererit, 
  Gregorius I, J 1338: 306,11      veritatem, >quid fieri debeat, |
  Gregorius I, J 1338: 306,30           Et si >quid | superfuit, nobis cum
  Gregorius I, J 1342: 309,22        dilectio >quid dicam in | posterum, dum
  Gregorius I, J 1349: 315,11              si >quid a | partibus suis
  Gregorius I, J 1359: 318,19           est'. >Quid ergo mirum si illos 
  Gregorius I, J 1359: 318,30    tribuebant.  >Quid igitur mirum, si
  Gregorius I, J 1360: 321,11        gravat.  >Quid autem dicturi sumus, qui
  Gregorius I, J 1360: 323,2        universi. >Quid est ergo, quod nos huius 
  Gregorius I, J 1360: 323,14       flectit.  >Quid autem nuper | in hac urbe
  Gregorius I, J 1360: 323,28             iam >quid sequatur | aspicio, quia
  Gregorius I, J 1351: 325,2        effugere. >Quid enim gravius, quid
  Gregorius I, J 1351: 325,2    enim gravius, >quid crudelius a | barbaris
  Gregorius I, J 1352: 327,25        superbia >quid aliud nisi | propinqua
  Gregorius I, J 1352: 329,15   ecclesia ista >quid | facio? Sed  ut episcopo
  Gregorius I, J 1354: 332,16           tunc  >quid | fieri debeat, cum
  Gregorius I, J 1354: 333,13       memores,  >quid nos veritatis |
  Gregorius I, J 1354: 333,24               | >quid Deus, quid  autem homo
  Gregorius I, J 1354: 333,24    | quid Deus, >quid  autem homo fecerit, et
  Gregorius I, J 1354: 335,10      dicit: 'Si >quid patimini propter
  Gregorius I, J 1356: 338,3     agitis, si | >quid pro nobis in vobis
  Gregorius I, J 1356: 338,4     Quia enim si >quid patitur unum membrum, |
  Gregorius I, J 1357: 340,9     evitavit: tu >quid Christo, universalis |
  Gregorius I, J 1357: 340,17    altissimo'.  >Quid | enim fratres tui omnes
  Gregorius I, J 1357: 340,20      calcare, | >quid aliud dicis nisi: 'In
  Gregorius I, J 1357: 340,23      conatur, | >quid aliud dicit nisi hoc,
  Gregorius I, J 1357: 340,32       Iohannes, >quid aliud quam | singularum
  Gregorius I, J 1357: 342,15    est parvus.  >Quid ergo nos episcopi
  Gregorius I, J 1357: 342,26        Pensemus >quid nos praecepta ammoneant
  Gregorius I, J 1357: 343,1    vester'. |  | >Quid ergo, frater carissime,
  Gregorius I, J 1361: 345,36            sui. >Quid autem est scriptura
  Gregorius I, J 1361: 346,1      nisi prius, >quid sibi imperator | terrenus
  Gregorius I, J 1365: 350,11         aut, si >quid illic pro  diversorum
  Gregorius I, J 1368: 354,4            amore >quid quaererem, sed inolita me
  Gregorius I, J 1368: 355,14          modos. >Quid igitur mirum, | si
  Gregorius I, J 1368: 356,10       Vel certe >quid veritatis dicta nisi |
  Gregorius I, J 1368: 356,35     'Peccavi, | >quid faciam tibi, o custos
  Gregorius I, J 1368: 357,27    quod sentit. >Quid | namque est officium
  Gregorius I, J 1373: 361,2          idcirco >quid de is tenendum |
  Gregorius I, J 1374: 369,2         repetit, >quid | aliud quam bona suboles
  Gregorius I, J 1374: 369,9   Nostis enim, | >quid beatus apostolus gemens
  Gregorius I, J 1374: 369,14   ex evangelio, >quid | redemptor noster per
  Gregorius I, J 1374: 369,18   iam innuitur, >quid sequatur, quia qui in |
  Gregorius I, J 1376: 374,16     persuadere, >quid est aliud, nisi ut plebs
  Gregorius I, J 1378: 376,22      in vobis | >quid diligat, cernat quod 
  Gregorius I, J 1378: 377,6    ex evangelio, >quid redemptor noster per
  Gregorius I, J 1378: 377,10     innuitur, | >quid sequatur, quia qui in
  Gregorius I, J 1378: 377,19          Nam si >quid tale  deinceps | fieri
  Gregorius I, J 1379: 379,9    ex evangelio, >quid redemptor noster per
  Gregorius I, J 1379: 379,13   iam innuitur, >quid sequatur, quia qui in
  Gregorius I, J 1380: 381,5               Si >quid autem de propriis rebus,
  Gregorius I, J 1382: 382,17                 >quid gestum dicitur
  Gregorius I, J 1382: 382,22          donec, >quid esset, verius
  Gregorius I, J 1387: 386,23      evangelio, >quid redemptor | noster per
  Gregorius I, J 1387: 386,27      innuitur,  >quid sequatur, quia qui in
  Gregorius I, J 1386: 389,3               Si >quid  vero de pecuniis |
  Gregorius I, J 1386: 389,7               ne >quid aegritudinis contingat in
  Gregorius I, J 1391: 391,9    profutura. Si >quid vero de  rebus |
  Gregorius I, J 1393: 392,24        studuit, >quid de | illo codice qui
  Gregorius I, J 1393: 393,24      videat, si >quid tale invenitur, mihique |
  Gregorius I, J 1403: 401,9    indicare, ut, >quid facere debeas, nostra |
  Gregorius I, J 1412: 411,4      maneat sive >quid agat seu unde sit,
  Gregorius I, J 1437: 427,3   consecutus, si >quid Deo | nostro lucri
  Gregorius I, J 1438: 428,1       relatione, >quid sibi | iniunctum sit, 
  Gregorius I, J 1443: 434,11   dispositione, >quid contra pestiferae
  Gregorius I, J 1446: 437,35              ne >quid tamen nobis | ambiguum
  Gregorius I, J 1446: 438,2     ut suis nos, >quid actum esset, epistolis |
  Gregorius I, J 1413: 439,21        a quibus >quid acceperint, et per
  Gregorius I, J 1413: 440,1    | requirerem, >quid eis dedisset,
  Gregorius I, J 1451: 446,3     nostrum, nos >quid dicturi sumus, si
  Gregorius I, J 1451: 447,6     | noverimus? >Quid enim  paradiso iucundius?
  Gregorius I, J 1451: 447,7       iucundius? >quid caelo securius et | tamen
  Gregorius I, J 1451: 447,16    capita sua'. >Quid enim  per
  Gregorius I, J 1451: 447,35   ostendimus, | >quid aliud in sancta ecclesia
  Gregorius I, J 1451: 448,16       accipiat, >quid delere peccatum solet.
  Gregorius I, J 1457: 454,7      respondit.  >Quid ergo | commendationis de
  Gregorius I, J 1460: 457,6              Aut >quid non is qui ubique est
  Gregorius I, J 1461: 458,29        immorer, >quid de  hac | heresi
  Gregorius I, J 1466: 463,17       domum vel >quid aliud | suprascriptum
  Gregorius I, J 1469: 467,4      pater suus: >Quid habes Atque | illa
  Gregorius I, J 1469: 467,26          ne, si >quid | odii inter se modo
  Gregorius I, J 1469: 468,9             ista >quid  sunt, maxime in hac
  Gregorius I, J 1470: 469,8   voluistis non, >quid sum, sed quid esse
  Gregorius I, J 1470: 469,8    quid sum, sed >quid esse debeam. Illud  vero,
  Gregorius I, J 1472: 471,21        ducimur. >Quid ergo aliud nisi | de
  Gregorius I, J 1473: 473,5        gentium | >quid aliud discipulis dicit,
  Gregorius I, J 1473: 473,36      est - et | >quid est aliud peccare nisi a
  Gregorius I, J 1474: 475,18     ne proprium >quid | inveniat non solum in
  Gregorius I, J 1475: 476,29      concordia. >Quid igitur per tympanum nisi
  Gregorius I, J 1475: 476,29               | >quid per chorum nisi
  Gregorius I, J 1475: 476,32      inter os'. >Quid per sal nisi sapientia |
  Gregorius I, J 1476: 477,14   | provida, ne >quid fortasse scandali in
  Gregorius I, J 1476: 477,20     | nescirem, >quid unitati fidei,  quid
  Gregorius I, J 1476: 477,21         fidei,  >quid concordiae
  Gregorius I, J 1483: 486,1  |  | imputo; si >quid de me boni creditis, hoc
  Gregorius I, J 1483: 486,15           puto. >Quid | tamen facere debeam,
  Gregorius I, J 1485: 488,4       atque vos, >quid de ea | re fieri debeat,
  Gregorius I, J 1489: 4,7    quibus dicitis: >Quid enim det pauper, nisi ea,
  Gregorius I, J 1490: 4,22        Et quidem, >quid de hac re | saeculi leges
  Gregorius I, J 1490: 4,28   substantiae, si >quid esset, unde hi quos
  Gregorius I, J 1490: 5,1       pensa facere >quid debemus? Hoc ergo |
  Gregorius I, J 1491: 6,5     cognovimus. Et >quid in | fratre nostro 
  Gregorius I, J 1491: 7,13          quia nec >quid defendant nec quid |
  Gregorius I, J 1491: 7,13     defendant nec >quid | sequantur, 
  Gregorius I, J 1491: 7,20    est. Sed neque >quid diceret neque quid |
  Gregorius I, J 1491: 7,20     diceret neque >quid | audiret, valuit scire. 
  Gregorius I, J 1494: 10,3       cognoscens, >quid de capitulo unoquoque 
  Gregorius I, J 1498: 14,20      Et  ideo si >quid de eius | causa
  Gregorius I, J 1511: 25,10   cognoveris vel >quid de his qui baptizari |
  Gregorius I, J 1516: 28,19      | veritate, >quid fieri  debeat,
  Gregorius I, J 1518: 31,5   ut cognoscatis, >quid in Alexandrino populo
  Gregorius I, J 1518: 31,5     loquendo et | >quid in mundi finibus  agitis
  Gregorius I, J 1518: 31,15     testamenti.  >Quid est | enim sacerdotale
  Gregorius I, J 1521: 34,8   necesse est, si >quid te indecenter recolis |
  Gregorius I, J 1522: 35,16           rebus, >quid aliud quam sanctae |
  Gregorius I, J 1522: 35,19        quaerunt, >quid aliud quam | cives
  Gregorius I, J 1523: 37,1     omnia ubi vel >quid facta sunt, et ex hoc |
  Gregorius I, J 1524: 38,10           sponte >quid offerre  voluerint,
  Gregorius I, J 1525: 41,5     ita  ut, | si >quid eis intra duorum mensium
  Gregorius I, J 1526: 41,16        Caralis.  >Quid de | fratre Ianuario
  Gregorius I, J 1527: 42,23   instruant, ut, >quid | fiendum sit, nostris
  Gregorius I, J 1530#<L 5: 45,17       quia, >quid passurus sit, | exemplo 
  Gregorius I, J 1535: 48,11      Sardiniae.  >Quid in | Sardinia hostes
  Gregorius I, J 1538: 50,22              Sed >quid aliud haec | exhibendo
  Gregorius I, J 1543: 53,26       viderimus, >quid singulis annis accipere |
  Gregorius I, J 1547: 56,26    cognoscentes, >quid inter dilectionem tuam et
  Gregorius I, J 1548: 57,20     manifesta, | >quid de eis definiendum esset,
  Gregorius I, J 1550: 59,19        fuit. Sed >quid | placuit cuidam nostro
  Gregorius I, J 1550: 60,10         Tamen si >quid boni vel ipsa vel altera 
  Gregorius I, J 1551: 61,4    enim tractate, >quid agere | debeat;  cui nos
  Gregorius I, J 1560: 66,21     festina, ut, >quid post | haec facere
  Gregorius I, J 1563: 68,10           Sed si >quid sibi | contra
  Gregorius I, J 1565: 69,10     veritate, si >quid inlicite  factum est,
  Gregorius I, J 1566: 70,1    ita est, quia, >quid | legalis ratio habeat, 
  Gregorius I, J 1567: 70,21        modum, si >quid | super quattuordecim
  Gregorius I, J 1568: 72,3     et medii,  si >quid forte clam sublatum
  Gregorius I, J 1570: 73,15        vel ipsum >quid praeiudicialiter, | quod
  Gregorius I, J 1573: 78,20     ut ex eis, | >quid debeat reservare, quam
  Gregorius I, J 1575: 79,22    renuntia, ut, >quid | pro utilitate memorati
  Gregorius I, J 1585: 82,26       ut ex hoc, >quid fieri debeat, auctore
  Gregorius I, J 1590: 85,18           ut, si >quid est, unde iuste  vestros 
  Gregorius I, J 1591: 86,6    non | fuisset, >quid aliud agi habuit, nisi ut
  Gregorius I, J 1607: 87,11         Cui | si >quid forte incuria vel
  Gregorius I, J 1601: 94,2      inquiens, si >quid  contra eam praedicti
  Gregorius I, J 1603: 95,3    diligendus, si >quid potuissemus ei conferre
  Gregorius I, J 1607: 97,35         Cui | si >quid forte incuria vel
  Gregorius I, J 1620: 106,12    ut sciatis,  >quid ei de re eadem scribere
  Gregorius I, J 1628: 110,24      sed ex se, >quid cui sit impendendum
  Gregorius I, J 1644: 122,14    Et ideo si | >quid eo pro ecclesiasticis 
  Gregorius I, J 1644: 122,16    fraudulenter >quid vel dupliciter acturum
  Gregorius I, J 1647: 124,4         et, si | >quid manifeste de ipsis 
  Gregorius I, J 1648: 124,28   ut a | nobis, >quid post  hoc facere debeas,
  Gregorius I, J 1650: 126,6        ut sciat, >quid agere | debeat; sed et
  Gregorius I, J 1655: 129,19      certiores, >quid fieri | debeat,
  Gregorius I, J 1657: 130,19    praesenti, | >quid oporteat, poteris
  Gregorius I, J 1658: 131,9        quamquam, >quid agere debeant, dato |
  Gregorius I, J 1668: 140,7        Lunensi.  >Quid | petitio Agrippini
  Gregorius I, J 1669: 141,7         ut ipse, >quid de eo | fieri debeat, 
  Gregorius I, J 1671: 141,26      Et tunc si >quid | actores praedictae
  Gregorius I, J 1672: 142,12         Tunc si >quid | est, quod a vestra
  Gregorius I, J 1673: 143,12      | ducitis, >quid aliud quam monomachos
  Gregorius I, J 1673: 145,5     inveniri. Et >quid tot labores | proderunt, 
  Gregorius I, J 1673: 147,13    | requisiti, >quid eis respondendum sit qui
  Gregorius I, J 1680: 155,7   non  possumus, >quid decrevimus, Castorio
  Gregorius I, J 1683: 157,24   In qua re  ne >quid omittere quod ad pacem
  Gregorius I, J 1683: 158,17   solliciti, ne >quid illic contra locum |
  Gregorius I, J 1683: 158,18          Sed si >quid  incidentis utilitatis
  Gregorius I, J 1685: 159,26     non fuerit, >quid nostra relaxatio vel
  Gregorius I, J 1686: 160,12         melius, >quid expediat,  potestis
  Gregorius I, J 1696: 167,18            si | >quid obstrictum  vel ecclesiae
  Gregorius I, J 1702: 171,11      iudicio, | >quid de hic fieri debeat,
  Gregorius I, J 1704: 173,3    in praesenti, >quid | vobiscum ei sit
  Gregorius I, J 1706: 174,9          tua, si >quid valet, illic requirat |
  Gregorius I, J 1724: 186,12   doctis viris, >quid esset de lege, |
  Gregorius I, J 1731: 193,2     in quibus si >quid repperiri potuerit |
  Gregorius I, J 1733: 194,20        vires, | >quid praestare de sua 
  Gregorius I, J 1733: 194,23      | notitia, >quid dare ipsi homines totius.
  Gregorius I, J 1733: 194,24     ut sciamus, >quid exinde disponere |
  Gregorius I, J 1736: 195,20   zelum vos, ne >quid manufactum adorari
  Gregorius I, J 1743: 198,16             Sed >quid isti | acturi, quid
  Gregorius I, J 1743: 198,16       | acturi, >quid populo  praestaturi sunt,
  Gregorius I, J 1743: 198,18     didicerunt, >quid aliud agitur, nisi ut
  Gregorius I, J 1743: 200,1     permittatis. >Quid enim sunt Christiani
  Gregorius I, J 1744: 203,4   | permittitis. >Quid enim sunt Christiani
  Gregorius I, J 1747: 206,8   Quod si licet, >quid per hoc aliud agitur,
  Gregorius I, J 1747: 206,15    conscendere, >quid agit, nisi ut crescendo
  Gregorius I, J 1747: 206,21        evertit. >Quid aliud est columbas
  Gregorius I, J 1747: 207,12             vel >quid aliud construatur, |
  Gregorius I, J 1747: 207,31   | didicerunt. >Quid putamus, quid isti
  Gregorius I, J 1747: 207,31   Quid putamus, >quid isti subiectis
  Gregorius I, J 1747: 208,15   | imponendam, >quid hoc celerius quidve 
  Gregorius I, J 1747: 209,4   omittere.  Nam >quid prodest | cuncta munisse,
  Gregorius I, J 1747: 210,8   | agnoscentes, >quid et cum qua cautela vel
  Gregorius I, J 1756: 219,26      disponere. >Quid multa loquar? Victa suo
  Gregorius I, J 1757: 222,8       elaborant. >Quid | itaque ego in illo
  Gregorius I, J 1757: 222,20     Dei iudicio >quid datur, sed a quo detur, 
  Gregorius I, J 1757: 224,12          cadit. >Quid ergo | in his agendum
  Gregorius I, J 1757: 224,19                 >quid | dixerit, ostendens
  Gregorius I, J 1757: 225,20     colligeret, >quid vobis servare debuisset. 
  Gregorius I, J 1768: 237,21    sociatum. Si >quid autem, dum | adhuc illic
  Gregorius I, J 1772: 241,6   abbate  possit >quid dicere, quod ad culpam
  Gregorius I, J 1772: 241,11           Et si >quid est, | unde animi vestri
  Gregorius I, J 1775: 243,2   deberemus, ne  >quid super diatiposin auderet
  Gregorius I, J 1780: 247,5       quia, ad | >quid hoc creator noster
  Gregorius I, J 1783: 248,26   | scriberet,  >quid de eadem debuisset
  Gregorius I, J 1783: 249,3       requirere, >quid sentirem. Cui ergo | ante
  Gregorius I, J 1784: 249,32      | scribone >quid dicam, quando ubique
  Gregorius I, J 1784: 250,13   sit, | ne, si >quid  nimis rigide agimus, ex
  Gregorius I, J 1787: 253,13              ne >quid | constituere,  quod
  Gregorius I, J 1790: 256,32           vel | >quid de scriptis vestris quae
  Gregorius I, J 1790: 258,19         dicens: >Quid, si | obiciatur mihi,
  Gregorius I, J 1791: 259,17      prosilire. >Quid enim,  si omnes laudant
  Gregorius I, J 1793: 262,11    hic venerunt >quid actum sit,  ipsorum
  Gregorius I, J 1794: 263,5   aliis causis | >quid pro se alliget, nescio; 
  Gregorius I, J 1794: 263,20       | vobis'. >Quid autem gloria vestra
  Gregorius I, J 1794: 263,30     auditis vel >quid dicitis suptiliter |
  Gregorius I, J 1794: 264,20               | >quid sequatur, adiunxit:
  Gregorius I, J 1796: 266,27     gerere, vel >quid agere debeat, in
  Gregorius I, J 1797: 267,8       desiderat, >quid de | aequitatis eius bono
  Gregorius I, J 1800: 270,2        sed immo, >quid | te sacerdotali
  Gregorius I, J 1800: 270,13       historia, >quid sit adorandum, 
  Gregorius I, J 1800: 271,9     intendentes, >quid dictum sit, | discerent, 
  Gregorius I, J XI,15: 276,31     | nostris, >quid statuendum sit,
  Gregorius I, J 1807: 279,22      Inter quos >quid | debemus aliud, nisi
  Gregorius I, J 1807: 280,13          a Deo. >Quid enim Paulus | dicit? 'Si
  Gregorius I, J 1810: 282,12     requiri et, >quid  singuli senserint
  Gregorius I, J 1810: 283,3           scias, >quid debeas ex  meo | mandato
  Gregorius I, J 1812: 285,6    non servatur, >quid  aliud agitur, nisi ut
  Gregorius I, J 1814: 286,10    hoc cognito  >quid facturi sunt, qui nulla
  Gregorius I, J 1814: 286,15     Dic, rogo,  >quid ad haec ego | facturus
  Gregorius I, J 1814: 286,23    diacono, vel >quid cum | gloriosa patricia
  Gregorius I, J 1816: 288,1         redigit, >quid de vestro corpore |
  Gregorius I, J 1816: 288,3        fecistis, >quid necesse | est me aliquid
  Gregorius I, J 1816: 288,27    se reversus, >quid passus fuerat, |
  Gregorius I, J 1817: 290,28           'Sed  >quid existis videre? hominem |
  Gregorius I, J 1817: 291,8         salutis. >Quid namque dicit? | 'Mundus
  Gregorius I, J 1817: 292,16        est. Sed >quid ista de sanctis hominibus
  Gregorius I, J 1817: 293,5   pro me et te'. >Quid est autem, quod de |
  Gregorius I, J 1817: 293,7     non debetur? >Quid est, quod aliud scandalum
  Gregorius I, J 1817: 295,15        dimitti, >quid  est hac | praedicatione
  Gregorius I, J 1817: 296,13     tangit eum, >quid proficit lavatio |
  Gregorius I, J 1818: 297,17       historiae >quid est aliud, quod diluvii
  Gregorius I, J 1818: 298,35        evertit. >Quid est enim aliud | in
  Gregorius I, J 1818: 299,14       meus'. Et >quid iam in nobis boni operis 
  Gregorius I, J 1821: 301,16   obviemus. Nam >quid vobis  cavendum quidve
  Gregorius I, J 1822: 302,11          et, si >quid minus impletum | est, si
  Gregorius I, J 1826: 306,24      cogitandi, >quid de uno Dei famulo actum
  Gregorius I, J 1826: 307,16       miraculis >quid dicere debeo, cum tua
  Gregorius I, J 1826: 307,17      | noverit, >quid in evangelio veritas
  Gregorius I, J 1844: 326,12           Sed | >quid etiam de omnipotente
  Gregorius I, J 1844: 326,14    verum filium >quid esse sentiat, | apertius
  Gregorius I, J 1847: 330,4   gerat | et, si >quid tale reppererit, eos et
  Gregorius I, J 1847: 330,8      ipsius  vel >quid de | eo a nobis in
  Gregorius I, J 1848: 331,5       dicite ei, >quid | diu mecum de causa
  Gregorius I, J 1843: 333,23           nobis >quid erit loquendum, cum |
  Gregorius I, J 1843: 334,13       "Obsecro, >quid pati debeat, si quis |
  Gregorius I, J 1843: 339,23         est. Et >quid est aliud contra famem
  Gregorius I, J 1852: 347,15    eripimur, ad >quid, frater carissime,
  Gregorius I, J 1857: 352,11    permanere. | >Quid est autem habitus
  Gregorius I, J 1857: 353,12   autem Albini, >quid dicam, de quo nobis
  Gregorius I, J 1857: 353,17   ut nobis nec, >quid egeris, indicaris; et
  Gregorius I, J 1860: 358,5   verumtamen, si >quid proprium tulit, sub |
  Gregorius I, J 1860: 358,6          est, si >quid  male de rebus |
  Gregorius I, J 1867: 367,22            Quos >quid aliud | nisi Antichristi
  Gregorius I, J 1867: 368,30        ut, | si >quid  neglegentiae per sex
  Gregorius I, J 1869: 370,15       tamen, ne >quid futurum tempus oblivionis
  Gregorius I, J 1869: 370,21   voluntas tua, >quid ad quem | pertinere
  Gregorius I, J 1870: 371,12       ut ab eo, >quid sit legitimum, informati
  Gregorius I, J 1871: 372,14        vestrae, >quid actum fuerit, indicare.
  Gregorius I, J 1872: 373,36     | deperire, >quid fieri debeat, Deo auctore
  Gregorius I, J 1872: 374,2              ut, >quid mente alienata agere
  Gregorius I, J 1878: 382,11             sed >quid nobis scriptorum
  Gregorius I, J 1879: 383,16   adhibere. Nam >quid utilitatis est, quando,
  Gregorius I, J 1891: 392,7     autem vestra >quid scribere debeo, qui,
  Gregorius I, J 1892: 392,19    addiscentes, >quid de | his quae petit fieri
  Gregorius I, J 1894: 394,18         possit, >quid vel qualiter secundum Dei
  Gregorius I, J 1907: 405,7           et, si >quid vobis delinquitur, 
  Gregorius I, J 1911: 409,27      valeas. Si >quid  igitur de | quocumque
  Gregorius I, J 1912: 410,11     Capitulare, >quid observandum sit a Iohanne
  Gregorius I, J 1912: 417,15    et an | ante >quid fecerit et  an
  Gregorius I, J 1915: 421,22       et nobis, >quid egerit,  innotescat. | De
  Gregorius I, J 1921: 428,2   permittat, sed >quid de hoc | negotio
  Gregorius I, J 1924: 430,25      certiores, >quid post hoc Deo auctore |
  Gregorius I, J 1990: 432,19   requirere, si >quid contra | allegationem
  Gregorius I, J 1993: 436,2     ne de cetero >quid simile | perpetretur,
  Gregorius I, J 1994: 436,24           et si >quid ei, sicut | dicitur,
  Bonifatius IV, J 2001: 454,11   indiscretum >quid vel inutile cogitet, qui
  Bonifatius IV, J 2002: 456,12           Sed >quid | maius, quid uberius,
  Bonifatius IV, J 2002: 456,12      | maius, >quid uberius, quid etiam
  Bonifatius IV, J 2002: 456,12      uberius, >quid etiam poterit laudabilius
  Honorius I, J 2019: 194,8     | exsoluitis. >Quid  enim Deo nostro aliud
  Honorius I, J 2028: 1659,12        ut, etsi >quid pro diuersorum |
  Honorius I, J 2028: 1659,15       proficere >quid quid | offerri
  Honorius I, J 2028: 1659,15            quid >quid | offerri constiterit.  |
  Honorius I, J 2024: 474D,9   haec | dicunt, >quid aliud nisi juxta unius
  Honorius I, J 2029: 481D,10       inimicum, >quid de hoc fieri | debeat,
  Johannes IV, J 2042: 605B,14         cibum. >Quid ergo est quod | ait: Quod
  Johannes IV, J 2042: 605D,13           est. >Quid enim | doceat  apostolus
  Johannes IV, J 2042: 606C,2          ipsius >quid respondebunt?  quoniam |
  Johannes IV, J 2042: 606D,3    operationem; >quid aliud, nisi quia et unam 
  Johannes IV, J +2044: 500,5             ut, >quid pontifici | Romane
  Theodorus I, J 2049: 77C,3       profundum, >quid aliud est | nisi in portu
  Theodorus I, J 2049: 77C,8        Nos  ergo >quid | nisi dispensatores
  Theodorus I, J 2049: 78C,8     ad | modicum >quid differre, donec jam
  Theodorus I, J 2050: 80D,2      dempserint  >quid in fide quae | a tot
  Theodorus I, J 2053: 111,106             ut >quid pontifici Romane Sedis
  Martinus I, J 2062: 142D,3     intelligant, >quid  ab illis credatur aut |
  Martinus I, J 2063: 150D,11    Dei judicio. >Quid enim in fide | orthodoxa
  Martinus I, J 2071: 181A,8         deterius >quid nobis | contingat, et
  Martinus I, J 2071: 188A,2         Sed audi >quid  princeps apostolorum ad
  Martinus I, J 2071: 189B,15     et cognosce >quid feceris, quoniam si |   |
  Martinus I, J 2071: 189D,2      sua  dicit. >Quid | feci? Ecce enim judicio
  Martinus I, J 2078: 199A,12     et  modicum >quid praebuimus minime ad |
  Martinus I, J 2080: 204A,1  |  |  | Petrus, >quid dicemus de nobis, qui
  Martinus I, J 2081: 204C,13       est, et | >quid sollicitus sum? Spero
  Martinus I, J +2075: 206C,8      | vero est >quid de  sacris ordinibus haec
  Martinus I, J +2073: 210B,6     nec | aliud >quid facere. Sed si qua causa
  Martinus I, J 2059: 423,18    namque | est: >quid retribuam domino pro
  Martinus I, J +2076: 17,18         non est, >quid haec sancta et apostolica
  Agatho -, J 2109: 1165A,1  |  | praeceperit >quid haec spiritalis mater
  Agatho -, J 2109: 1165C,10         pietati, >quid apostolicae | nostrae
  Agatho -, J 2109: 1169D,11       et docere. >Quid dicam in ipsius | Christi
  Agatho -, J 2109: 1169D,13       confundor? >Quid de  meipso, quid de |
  Agatho -, J 2109: 1169D,14      de  meipso, >quid de | commissis animabus
  Agatho -, J 2109: 1173C,5     cupimus,  et, >quid mea voluntas, | quid tua
  Agatho -, J 2109: 1173C,5   mea voluntas, | >quid tua significet, veraciter
  Agatho -, J 2109: 1176A,15    explanatione  >quid verius poterit |
  Agatho -, J 2109: 1176C,4    quod tu | vis, >quid te adjuvat, quod tua
  Agatho -, J 2109: 1176C,14    Ille tamen ne >quid  tale | diceretur, non
  Agatho -, J 2109: 1181A,2      Motus animi  >quid est, nisi | motus
  Agatho -, J 2109: 1181A,5     definitionem, >quid sit humana | voluntas,
  Agatho -, J 2109: 1189A,10     in  Christo, >quid intelligi commonet,
  Agatho -, J 2109: 1193C,7         deitatis: >quid sit quod  caro sine Verbo
  Agatho -, J 2109: 1193C,8    non | agit, et >quid sit quod Verbum  sine
  Agatho -, J 2109: 1201D,13       vero in ea >quid est, nisi | locupletari
  Agatho -, J 2109: 1212C,10    ipse noverit, >quid de tali | contemptu  in
  Agatho -, J 2110: 1225A,3     ut cognoscant >quid in causa | apostolicae
  Agatho -, J 2110: 1225A,6    quod absit, si >quid scandali  in fidei
  Leo II, J 2118: 401B,11         antefertis, >quid aliud quam judicium
  Leo II, J 2118: 401C,14        dignata est! >Quid igitur restat | auguste,
  Sergius I, J +2133: 55,3        non ignari  >quid vas electionis |
  Johannes VI, J 2142: 250,16     consideret, >quid sibi invicem partes
  Johannes VI, J 2142: 250,31    | carissimi, >quid de hac eadem re
  Constantin I, J +2147: 282,10          si | >quid vero sinistrae partis
  Constantin I, J 2375: 650,21      perpendo, >quid  divina | misericordia,

