  scripta (483)
  - -, J +606: 918,1ff.      | comprehenditur >scripta; sed quia cum aliorum
  - -, J 611: 34,1ff.     |  | nec Acacii hoc >scripta testantur, qui dicit
  - -, J 611: 36,1ff.        et item Acacii | >scripta deprominus, quae
  - -, J +1334: 749,1ff.           haec illis >scripta mandavi, ut postquam
  - -, J +1334: 752,1ff.      sacris apicibus >scripta sunt custodiamus |
  - -, J 1436: 70,???          nostra mittere >scripta | curauimus,
  - -, J +1927: 1,1ff.    precellentissimorum >scripta, regum Brunechildis ac
  Damasus I, J 239: 103,12      olim ac nuper >scripta de eo, quod | legitur:
  Damasus I, J 235: 356A,2    | Vitalem ad te >scripta direxeram,  tuae
  Damasus I, J +241: 423C,3        Damasus. | >Scripta Sanctitatis tuae
  Damasus I, J +245: 439C,6     fratrum per | >scripta suscipere absque
  Damasus I, J +245: 439C,10      prius per | >scripta, eorum qui accusantur,
  Damasus I, J +245: 440A,9       et non  per >scripta absentes. Unde
  Damasus I, J +245: 440A,11        ullum per >scripta posse | proferre:  nec
  Siricius -, J 255: 1146B,7      generaliter >scripta sunt,  per
  Siricius -, J 260: 1170B,5   ambigens, haec >scripta  direxi per fratres
  Innocentiu I, J 285a: 86,8      Si legantur >scripta et timor sit | diuinus
  Innocentiu I, J 292: 489A,8        singulis >scripta | sint, accipiant
  Innocentiu I, J 293: 502A,8         Leucio  >scripta sunt vel sub nomine |
  Innocentiu I, J 305: 542A,9      pulsetur.  >Scripta autem Acacii episcopi,
  Innocentiu I, J 308: 544B,2            tuam >scripta | ad Atticum 
  Innocentiu I, J 322: 589B,3         parilis >scripta  subjungens. Nimirum
  Innocentiu I, J 312: 658C,10   | Ecclesias  >scripta dirigas, et istis
  Innocentiu I, J +320: 83,16     | recurrito >scripta. Si nec in illis, ad
  Zosimus -, J 331: 7,29       sicut | civium >scripta testantur vel  ingesta
  Zosimus -, J 331: 8,21    religionis exiit, >scripta direximus, fratres
  Zosimus -, J 333: 11,1         debuisset. | >Scripta nostra in  omnium
  Zosimus -, J +335: 90,22   si | ita est, ut >scripta tua nobis missa
  Zosimus -, J 337: 955,4      ut etiam ad te >scripta specialiter |
  Zosimus -, J 329: 102,11   eloquentia supra >scripta abutitur, cum in hoc
  Zosimus -, J 329: 102,12   ipsis auctoribus >scripta | periclitantur  post
  Zosimus -, J 330: 103,8             uestram >scripta direximus):  ecce
  Zosimus -, J 330: 104,25         susurronum >scripta pendere.  ecce
  Zosimus -, J 330: 105,1     et Iacobus, qui >scripta quaedam, ut
  Zosimus -, J 339: 672A,6   ad te potissimum >scripta | direximus, quae in
  Zosimus -, J 345: 679A,8      misimus, olim >scripta feceramus, eorum quas 
  Bonifacius I, J 350: 25,24   ex eius  fonte >scripta manarunt, quibu 
  Bonifacius I, J 365: 28,39     convenirent, >scripta ve(ne)runt. Quorum
  Bonifacius I, J 365: 30,103       super hoc >scripta  manassent.
  Bonifacius I, J 363: 33,32   turbari, talia >scripta direximus, quibus
  Bonifacius I, J 351: 64,23    aliqua ad nos >scripta | transmittas. 
  Celestinus I, J 372: 5,8    | fraternitatis >scripta conuertimus, paratum
  Celestinus I, J 372: 6,23              suas >scripta  professione |
  Celestinus I, J 374: 7,24       talia de te >scripta suscepimus  quibus his
  Celestinus I, J 374: 12,2            exigit >scripta | direximus, ut si in
  Celestinus I, J 374: 12,11      aperta | et >scripta professione
  Celestinus I, J 375: 15,20    sicut et eius >scripta ad nos ab ipso cum
  Celestinus I, J 375: 20,17       fratre meo >scripta  transmisimus, et quia
  Celestinus I, J 375: 20,29        aperta et >scripta | professione
  Celestinus I, J 373: 22,15           suas | >scripta professione condemnet
  Celestinus I, J 377: 27,4   | suspectos, si >scripta direxerint, pro
  Celestinus I, J 388: 93,36          ad hunc >scripta doctoris, quibus eum
  Celestinus I, J 385: 98,6         Ephesenam >scripta  Caelestinus |
  Celestinus I, J 385: 99,2      fraternitate >scripta praeconia nec 
  Celestinus I, J 385: 101,13   eodem exemplo >scripta sua | professione
  Celestinus I, J 381: 530A,1         dedimus >scripta responsum. Nunc tamen 
  Leo I, J 490: 1029A,8         interfuerunt, >scripta direxi, quae |
  Leo I, J 491: 1033A,15            episcopum >scripta direxerim, | quae
  Leo I, J 492: 1036C,5          voluit  me | >scripta dirigere, quibus ea
  Leo I, J 493: 1037C,2         interfuerunt, >scripta dirigerem  quibus
  Leo I, J 493: 1038A,7   apostolicae | sedis >scripta praecipiat: ne
  Leo I, J 493: 1038C,7            sacerdotum >scripta non | renuat; cum
  Leo I, J 494: 1040B,7   parte | competentia >scripta mittemus. Agat itaque 
  Leo I, J 495: 1044A,13     per  commentitia >scripta | firmare. Quod
  Leo I, J 496: 1052A,1    |  | perpetrentur, >scripta sint, ad perditionis
  Leo I, J 498: 1059B,3             principem >scripta direxi, | quibus
  Leo I, J 500: 1062B,13       cum eadem  mea >scripta | concordant, in
  Leo I, J 501: 1069A,9     ut  quid post mea >scripta sit gestum, | potueris
  Leo I, J 504: 1074B,11     quae a me sunt | >scripta curaverit, colloquia
  Leo I, J 505: 1075A,7        praesule talia >scripta ad sedem apostolicam 
  Leo I, J 505: 1077A,6      demum mea quoque >scripta recitentur:  ut |
  Leo I, J 506: 1079A,11       | praefuerunt, >scripta relegantur; et quid B.
  Leo I, J 506: 1079B,9   qui sunt qui nostra >scripta despiciant, | illis
  Leo I, J 506: 1080B,3        quibus et mea  >scripta consentiunt, | faciant
  Leo I, J 507: 1081C,6     urbis | episcopum >scripta direxerim, subdita
  Leo I, J 507: 1085A,4   indicavit, sed quia >scripta tuae sanctitatis |
  Leo I, J 514: 1107A,15      fides Patrum et >scripta mea ad sanctae |
  Leo I, J 524: 1117A,5      vestram gemina | >scripta direxerim, quorum unum
  Leo I, J 526: 1119B,9     Dei debeo, haec | >scripta direxi, quibus
  Leo I, J 525: 1121A,3     Dei debeo, | haec >scripta direxi,  quibus
  Leo I, J 529: 1122A,4      Patricium nostra >scripta testantur, | quibus
  Leo I, J 527: 1122C,2     dilectionem  tuam >scripta dirigere, | quibus
  Leo I, J 528: 1123B,7      in causa fidei | >scripta transmisimus, quae
  Leo I, J 528: 1123C,2         similia | jam >scripta transmisimus.  De
  Leo I, J 528: 1124A,2   | lateat. Praeterea >scripta  quae tam
  Leo I, J 531: 1126A,7    ut ad ipsos quoque >scripta dirigerem, quae 
  Leo I, J 534: 1134A,5      evidentia nostra >scripta  neglectum. Et | ideo
  Leo I, J 533: 1135A,11         ut secundum  >scripta quae misi, communis
  Leo I, J 537: 1141B,6        rursus  ad nos >scripta | direxit, quibus ut
  Leo I, J 540: 1147A,9    esset alienus. Qui >scripta | mittendo  dubiae
  Leo I, J 542: 1173A,7        pro re supra | >scripta de libris catholicorum
  Leo I, J 545: 1211A,4       genere, libello >scripta professio publice |
  Leo I, J 548: 1216A,3           tuae ad nos >scripta | dirigeres, ita  omni
  Leo I, J 549: 1216B,4           dum sicut | >scripta vestra  manifestant,
  Leo I, J 399: 597B,9    provinciae Venetiae >scripta direximus, |   |   |
  Leo I, J 402: 613A,7             nostros, | >scripta direximus;  ut quae
  Leo I, J 403: 616C,11         presbyterum | >scripta direximus
  Leo I, J 404: 619C,5        eos moneremus,  >scripta direximus: ut noverint
  Leo I, J 410: 646A,7         qui | secundum >scripta quae per ipsum ad vos
  Leo I, J 409: 666A,11       tamen evidentia >scripta | contineant:  quoniam
  Leo I, J 411: 669A,6      apud te monitorum >scripta nostrorum quibus  te
  Leo I, J 411: 670A,3        sedis praesulum >scripta  percurrat, et vel a
  Leo I, J 411: 671A,15     aliud disponentia >scripta  sumpsisses, faciendi
  Leo I, J 412: 678B,3   fraternitatis tuae | >scripta demonstrant,  quibus
  Leo I, J 418: 715B,4     his addita, obtuli >scripta, ostendens de | sancta
  Leo I, J 418: 718C,2     asserunt  Eutychis >scripta | ad Dionysium
  Leo I, J 420: 731B,1     sollicitus, ad nos >scripta transmiserit,  de his
  Leo I, J 421: 739A,5    litteras | tuas, et >scripta  moesta moerore debito
  Leo I, J 421: 741B,5    aliqua de hac causa >scripta misisset.  Si enim
  Leo I, J 421: 743A,2    | Romanae civitatis >scripta sunt, obedienter 
  Leo I, J 421: 745B,6         in | epistola  >scripta ad impium et depositum
  Leo I, J 421: 749C,9          in epistola | >scripta ad impium damnatumque
  Leo I, J 421: 751A,1         et per propria >scripta dignare; confortare 
  Leo I, J 424: 783B,5      plenius continent >scripta, quae  misi. Data
  Leo I, J 425: 793B,12      serenitatis ejus >scripta suscepimus, major
  Leo I, J 426: 795A,8    vestram dilectionem >scripta dirigerem:  quos
  Leo I, J 428: 802A,13      qualitate causae >scripta direxi, quibus et 
  Leo I, J 429: 803A,9    | Basilium diaconem >scripta tuae dilectionis
  Leo I, J 430: 811A,3    quae ipsi portabunt >scripta | sis plenius
  Leo I, J 432: 812B,3     Basileum diaconum  >scripta tuae dilectionis |
  Leo I, J 433: 814A,1       dilectionis tuae >scripta suscepimus;  cum nos |
  Leo I, J 433: 814A,14       celeritate ad | >scripta  nostra respondeas,
  Leo I, J 438: 827A,10     sint missi, ut si >scripta quae vel ad | sanctam
  Leo I, J 439: 833A,12    reversus, iteranda >scripta credidimus. | Et ut
  Leo I, J 444: 847C,8     quae nunc  a vobis >scripta sunt, ut | apostolicum
  Leo I, J 444: 851B,6      tum | apostolica  >scripta, tum prophetica
  Leo I, J 447: 867B,3    dilectionem vestram >scripta | direximus, quibus 
  Leo I, J 448: 873A,5       | pietatis  tuae >scripta fecerunt, quibus
  Leo I, J 449: 874B,1          vestrae tradi >scripta nostra potuere, quae 
  Leo I, J 449: 876A,1         |  | occasione >scripta nostra ad vos non
  Leo I, J 452: 891C,2           | sacerdotis >scripta perveniant, aperte | 
  Leo I, J 453: 893B,5        ad nos debuerit >scripta dirigere, quae |   |
  Leo I, J 454: 895B,4           talia ad nos >scripta direxerit quibus
  Leo I, J 458: 909A,9      legatos nostros | >scripta direximus.  Data
  Leo I, J 460: 913B,9       qui ad nos tua | >scripta  detulerunt, cum
  Leo I, J 461: 916B,3     fratris | Anatolii >scripta profitentur,  et gesta
  Leo I, J 466: 925A,2    ad te congruum  est >scripta deferri, | praesertim
  Leo I, J 467: 926B,5            tuae nostra >scripta | direximus, fidenter
  Leo I, J 468: 928B,14    dilectionem | tuam >scripta transmisi, |   | quae
  Leo I, J 474: 941A,10      pietatis vestrae >scripta sunt tradita, | et
  Leo I, J 481: 995C,11    apices,  et ipsius >scripta declarant, legatos |
  Leo I, J 481: 997B,3        vestrae ad me | >scripta portavit, omni
  Leo I, J 484: 1007C,1   | Lucianum dirigere >scripta potuisse, quibus  in
  Leo I, J 485: 1014A,14         quae ad te | >scripta sunt instruantur Data
  Hilarus -, J 559: 29,34    nostrum Antonium >scripta | direximus, quibus
  Hilarus -, J 557: 32,17           nostrum | >scripta direximus, ut
  Hilarus -, J 562: 158,21    nostrae ad vos  >scripta non | potuerint ex hoc
  Hilarus -, J 562: 162,23        nostrorum | >scripta legantur.  Paulinus
  Simplicius -, J 588: 3,3             | tuae >scripta  pronuntiant. Iac
  Simplicius -, J 580: 198,10     sollemnia | >scripta direxit, quibus et 
  Simplicius -, J 580: 198,26       salutaria >scripta | mittendo munire
  Simplicius -, J 587: 209,9      principis | >scripta sunt reddita, quibus
  Simplicius -, J 573: 180,10      detulerunt >scripta | monachorum, comperi,
  Simplicius -, J 574: 185,16           simul >scripta | direximus,  cujus
  Simplicius -, J 575: 186,14    | tuam eadem >scripta pervenerint, immo
  Felix III, J 591: 225,12    papae | Leonis  >scripta venientes, ipsa sui
  Felix III, J 591: 226,1             |  | et >scripta illa diligentius
  Felix III, J 591: 226,1    et iste, |  | et >scripta illa diligentius
  Felix III, J 592: 234,13       intimare ei; >scripta | illa sensibus
  Felix III, J 601: 247,12    pagina | ad mea >scripta  responderit, suis
  Felix III, J 617: 160,22        haec ad uos >scripta faciat |   |
  Gelasius I, J 623: 335,19        dirigere | >scripta curavimus,  praeeunte
  Gelasius I, J 676: 380,21   ad vos | nostra >scripta pariter destinare,
  Gelasius I, J 664/1: 395,18      frequenter >scripta testantur. Quibus ille
  Gelasius I, J 664: 415,78    | familiariter >scripta testantur. Quibus ille
  Gelasius I, J 729: 487,8           vestram  >scripta | direximus, ut
  Gelasius I, J CollAv: 449,3        diaconum >scripta misisset,
  Gelasius I, J CollAv: 449,11        fidei | >scripta proficerent,
  Gelasius I, J CollAv: 449,16    dum Acacii  >scripta legeremus, quae de
  Gelasius I, J 670: 97,16          est, sunt >scripta (uerba) et opera 
  Gelasius I, J 670: 97,25    filii intellege >scripta; quaecumque litterae
  Gelasius I, J 670: 103,14       intellegere >scripta; quaecumque uero
  Gelasius I, J 669: 107,22               iam >scripta et ammonitiones |
  Gelasius I, J 701: 8,30       uel ubicumque >scripta | indifferenter
  Gelasius I, J 622: 16,10    ipsius umquam | >scripta percipiens
  Gelasius I, J 632: 19,20     | salutationis >scripta non miserim. non meo,
  Gelasius I, J 628: 57,11      absit, nostra >scripta contempseris, |
  Symmachus -, J 761: 157,13   protinus sua | >scripta miserunt, ut se
  Hormisdas -, J 779: 505,19         quod per >scripta praefertis, ad
  Hormisdas -, J 774: 514,18        | 'iubete >scripta suscipere'. si dixerit
  Hormisdas -, J 774: 514,28         ad | eum >scripta, quae detulimus, deo
  Hormisdas -, J 774: 519,1       procuremus, >scripta | dirigite. praeterea
  Hormisdas -, J 781: 532,4          diaconem >scripta testantur, apud nos
  Hormisdas -, J 783: 533,15    potestatem et >scripta episcoporum  et illius
  Hormisdas -, J 819: 624,12             quae >scripta per Paulinum Romanae
  Hormisdas -, J 820: 624,17      | mihi tuae >scripta caritatis, in quibus
  Hormisdas -, J 844: 628,23          nostrum >scripta direximus quam | filio
  Hormisdas -, J 822: 634,7    necesse fuerit >scripta domno filio nostro |
  Hormisdas -, J 838: 691,31   uos contigerit >scripta suscipere, debebitis |
  Hormisdas -, J 840: 693,5      filio nostro >scripta  direximus,
  Hormisdas -, J 848: 693,28     praesentia | >scripta mitteremus: tantum
  Hormisdas -, J 861: 726,27    uestra  nobis >scripta declarent, quibus
  Hormisdas -, J 861: 728,18           quae | >scripta  sunt, uel respondere,
  Hormisdas -, J 860: 737,30      Epiphanium  >scripta transmisimus, | ut
  Hormisdas -, J 786: 787,7    ita sumus per  >scripta | complexi! Verum
  Felix IV, J +878: 698,19          | pacis.  >Scripta sanctitatis vestrae,
  Johannes II, J 885: 206,8   in exemplaribus >scripta transmitti. | nouimus
  Johannes II, J +889: 705,3       Iohannes.  >Scripta tuae sanctitatis
  Agapitus I, J 894: 334,24         diuinis | >scripta feci ministeriis
  Vigilius -, J 937: 140,20   | Leonis, quae  >scripta est ad sanctae
  Vigilius -, J 937: 141,30   ad Marim Persam >scripta dicitur, ** |
  Vigilius -, J 937: 142,26     Persam ab eo  >scripta confingitur, quia sua 
  Vigilius -, J 937: 142,31    Marim | Persam >scripta fuerat epistolam suam
  Vigilius -, J 937: 143,26   ad Marim Persam >scripta legitur, certum est
  Vigilius -, J 937: 145,4    ad Marim Persam >scripta perhibetur, |
  Vigilius -, J 937: 146,1    ad Marim Persam >scripta relegitur, non | solum
  Vigilius -, J 937: 146,21   ad Marim Persam >scripta non ea | quae quandam 
  Vigilius -, J 937: 148,15   ad Marim Persam >scripta dicitur, excusato |
  Vigilius -, J 937: 149,9   ad Marim  Persam >scripta est, mendaciter | suam
  Vigilius -, J 937: 149,35    Marim Persam | >scripta legitur, pertinere
  Vigilius -, J 937: 149,41   ad Marim Persam >scripta continet, |
  Vigilius -, J 937: 150,3     Marim Persam | >scripta  legitur, inpugnauit
  Vigilius -, J 937: 150,6    ad Marim Persam >scripta epistola iam post |
  Vigilius -, J 937: 150,36   Hiba episcopo | >scripta doceatur. nam cum
  Vigilius -, J 937: 151,16   ad Marim Persam >scripta, | confestim Hibas
  Vigilius -, J 937: 151,26   ad Marim Persam >scripta dicitur,  Hibas |
  Vigilius -, J 937: 152,5     Marim Persam | >scripta est, interlocutione
  Vigilius -, J 937: 152,21    | Marim Persam >scripta, quae statim relecta
  Vigilius -, J 937: 153,10   ad Marim Persam >scripta continet,  Hibam |
  Vigilius -, J 937: 153,17   ad Marim Persam >scripta legitur, | Hibae
  Vigilius -, J 937: 153,19   ad Marim Persam >scripta legitur, fuisse
  Vigilius -, J 937: 154,19     Marim Persam  >scripta | aliena uideatur
  Vigilius -, J 937: 154,24    Marim Persam | >scripta dissonet existatque
  Vigilius -, J 937: 156,13    Marim Persam | >scripta, dicendo beatum
  Vigilius -, J 937: 157,36   ad Marim Persam >scripta nullum tale potuerint 
  Vigilius -, J 937: 160,21             Leone >scripta  sunt et ab hac
  Vigilius -, J 937: 161,1      post unitatem >scripta beati Kyrilli | dicta
  Vigilius -, J 937: 161,5     Marim Persam | >scripta est, denegatam, quippe
  Vigilius -, J 937: 166,16    | Theodori uel >scripta eius uidentur copiose 
  Vigilius -, J 937: 166,21     interpretes | >scripta  eiusdem Theodori
  Vigilius -, J 937: 167,27       nomen atque >scripta laedi supra **
  Vigilius -, J 937: 167,34    Nestorii ab eo >scripta sunt, quia pro |
  Vigilius -, J 937: 167,35      Theodoriti | >scripta damnari, eo quod saepe
  Vigilius -, J 937: 167,37             eadem >scripta ad adstruendi | sui
  Vigilius -, J 921: 188,19        quae supra >scripta sunt, consensi et 
  Vigilius -, J 922: 11,21        Mopsuestini >scripta | porrecta  sunt,
  Vigilius -, J 922: 12,3     ad Marin Persam >scripta esse ab  Iba |
  Vigilius -, J 922: 12,5                  et >scripta | Theodoreti, quae
  Vigilius -, J 922: 12,6    sancti | Cyrilli >scripta sunt. |   |   |   |
  Vigilius -, J 927: 43C,14        perhibetur >scripta,  nec non et dictorum 
  Vigilius -, J 927: 44A,6     solum nomen et >scripta Theodori Mopsuesteni a
  Vigilius -, J 927: 45A,13     in membrana | >scripta portaverat, praecedere
  Vigilius -, J 927: 45C,10       a notario | >scripta in nostro teneantur
  Vigilius -, J 927: 48C,3       suscipientes >scripta, simpliciter |
  Vigilius -, J 924: 51A,13      relegentes | >scripta, pontificalem  in
  Vigilius -, J 924: 52C,12   ad Marim Persam >scripta ab Iba dicitur, et |
  Vigilius -, J 924: 53A,12      participes,  >scripta suscipiat; sed et
  Vigilius -, J 912: 58,22         Vigilius.  >Scripta de ordinatione |
  Vigilius -, J 925: 67,33    vel reperiuntur >scripta, anathematizanda
  Vigilius -, J 936: 124A,13    quae dicitur  >scripta ab Iba ad | Marim
  Vigilius -, J 936: 124B,7           propria >scripta  retractasse, |
  Vigilius -, J 936: 126A,16    et impia ejus >scripta: |   | nihilominus ea
  Vigilius -, J 936: 126B,1      a Theodoreto >scripta  sunt contra rectam |
  Vigilius -, J 936: 126B,4     quaeque ab eo >scripta sunt pro defensione |
  Vigilius -, J 936: 126B,7     quae ab Iba | >scripta dicitur: quae Christum
  Vigilius -, J 936: 126C,4     dogmata atque >scripta. | Praedicta itaque
  Vigilius -, J 936: 126C,9    dicitur ab Iba >scripta fuisse: qua superius |
  Vigilius -, J 909+: 137,30       praesentia >scripta transmitterem,
  Vigilius -, J 935: 269,5     passione  eius >scripta | sunt, uoluntarie
  Vigilius -, J 935: 292,26        ut supra | >scripta  capitula dogmatum,
  Vigilius -, J 935: 295,5        quaecumque  >scripta | uel dogmata
  Vigilius -, J 935: 300,26           Leone | >scripta sunt et hac uniuersali
  Vigilius -, J 935: 306,13            Leone  >scripta sunt et hac uniuersali
  Vigilius -, J 935: 310,29    uel ex supra | >scripta  epistola uiri
  Vigilius -, J 935: 319,3     ad omnia supra >scripta consentiens |
  Vigilius -, J 935: 319,9   ad omnia supra | >scripta consentiens suscripsi.
  Vigilius -, J 911: 354,10          personam >scripta dirigere. quibus  nos
  Vigilius -, J 916: 862C,2        inveniamus >scripta.  Quae quia vos non
  Pelagius I, J 947: 28,5              tuam | >scripta dirigere, desiderantes
  Pelagius I, J 978: 59,94   repraehensibilia >scripta, sed | generalis
  Pelagius I, J 982: 70,4           ecclesiae >scripta direximus,  ut in eis
  Pelagius I, J 1017: 153,2            tuae | >scripta suscepimus, in quibus
  Pelagius I, J 1028: 180,2     nostro, talia >scripta  direximus, ut |
  Pelagius I, J +973: 715,10        occasione >scripta nostra ad vos non
  Johannes III, J +1042: 717,11      et per | >scripta consentientibus tunc
  Benedictus I, J +1045: 720,5    continebant >scripta ex subiectis
  Pelagius II, J 1054: 105,4   nostra tardius >scripta dirigimus, non |
  Pelagius II, J 1054: 105,16        | ad uos >scripta dirigere,  hortantes
  Pelagius II, J 1055: 108,27     direxistis, >scripta | suscepimus
  Pelagius II, J 1055: 108,41      decepti, | >scripta nobis diuersis infecta
  Pelagius II, J 1055: 109,27   interfuerunt, >scripta  direxi, quae |
  Pelagius II, J 1056: 112,19      dulcedinis >scripta | transmittere, quae
  Pelagius II, J 1056: 112,24         uestrae >scripta suscepi, | quae non
  Pelagius II, J 1056: 116,26   enim: "haec | >scripta direxi, quibus 
  Pelagius II, J 1056: 116,31         Augusto >scripta sua pro | eadem 
  Pelagius II, J 1056: 116,32      antistitem >scripta  direxi quae |
  Pelagius II, J 1056: 117,14   karissimi, si >scripta Theodori propheticis 
  Pelagius II, J 1056: 117,18      Theodoriti >scripta | propheticis, 
  Pelagius II, J 1056: 117,37     uoluit me | >scripta dirigere quibus ea
  Pelagius II, J 1056: 118,1    interfuerunt, >scripta dirigerem  quibus
  Pelagius II, J 1056: 122,30    si | placet, >scripta proferamus, ut apud
  Pelagius II, J 1056: 124,16         aliis | >scripta. iste primus exposuit
  Pelagius II, J 1056: 129,11           omnia >scripta damnamus, sed sola
  Pelagius II, J 1056: 131,1     Theodoriti | >scripta superbiendo 
  Pelagius II, J 1056: 131,2            praue >scripta, reprobamus,  in nullo
  Pelagius II, J 1056: 131,3   eius haeretica >scripta respuentes, | et cum
  Pelagius II, J 1056: 131,5        alia uero >scripta illius non solum |
  Pelagius II, J 1056: 131,13      ergo nulla >scripta eiusdem Theodoriti 
  Pelagius II, J 1056: 131,15       Haec ad | >scripta uestra respondimus;
  Pelagius II, J 1056: 132,28            ut | >scripta nostra in causis
  Pelagius II, J +1051: 721,35    suas suaque >scripta roboranda
  Pelagius II, J +1050: 732,17    ad ea que | >scripta sunt commoti iniuriae
  Pelagius II, J +1050: 732,22      in psalmo >scripta sunt: Nonne deus |
  Gregorius I, J 1073: 8,7     faciendo per | >scripta vestra clausulas
  Gregorius I, J 1077: 12,2        direxistis >scripta  doluimus |
  Gregorius I, J 1088: 25,24     Salonitano.  >Scripta reverentiae tuae, |
  Gregorius I, J 1092: 36,29     convincitur, >scripta quoque Theodoriti,
  Gregorius I, J 1093: 38,15     Antiocheno.  >Scripta vestrae | beatitudinis
  Gregorius I, J 1096: 40,30          vestrae >scripta suscipere, tamen ego
  Gregorius I, J 1096: 41,6          ut eadem >scripta retinerem, 
  Gregorius I, J 1111: 57,11     dum mihi per >scripta vestra mores |
  Gregorius I, J 1112: 69,4         postpone. >Scripta mea ad rusticos quae
  Gregorius I, J 1137: 88,19       patrimonii >scripta detulerit, | nullis
  Gregorius I, J 1139: 91,3     Et licet hinc >scripta | decurrant, quod
  Gregorius I, J 1149: 99,2    Mediolanensi.  >Scripta fraternitatis |
  Gregorius I, J 1173: 117,6    neglegens, et >scripta  nostra contemnens,
  Gregorius I, J 1173: 117,15    suo, mox mea >scripta | susceperit, loco 
  Gregorius I, J 1174: 118,11          noster >scripta Natali fratri
  Gregorius I, J 1174: 118,14             sed >scripta nostra contemnens, |
  Gregorius I, J 1175: 119,14        sed | et >scripta nostra contemnens, 
  Gregorius I, J 1203: 150,3        | causa.  >Scripta vestra summa cum
  Gregorius I, J 1203: 151,7     una, | cuius >scripta evidenter a
  Gregorius I, J 1204: 152,8        ad priora >scripta | ratiocinando
  Gregorius I, J 1204: 153,18    'Quaecumque  >scripta sunt, ad nostram
  Gregorius I, J 1204: 153,18       doctrinam >scripta sunt, ut | per
  Gregorius I, J 1204: 154,2   | archidiaconi >scripta directa sunt,  tunc
  Gregorius I, J 1211: 167,35      secundum | >scripta decessoris nostri, si
  Gregorius I, J 1229: 183,3      nobis  sunt >scripta cognovimus, sed solam
  Gregorius I, J 1243: 196,3      diversitas. >Scripta | igitur 
  Gregorius I, J 1251: 202,10       vestrae | >scripta relegentes electionem
  Gregorius I, J 1252: 203,8             tuae >scripta | susciperem, bonum te
  Gregorius I, J 1263: 218,19     Tyrdarino.  >Scripta | fraternitatis tuae
  Gregorius I, J 1263: 219,3         nostra | >scripta transmisimus, quatenus
  Gregorius I, J 1265: 219,13               | >Scripta tua caritatis
  Gregorius I, J 1268: 222,13                 >Scripta | dulcissimae et
  Gregorius I, J 1272: 232,9                | >Scripta fraternitatis vestrae
  Gregorius I, J 1287: 249,8     specialiter  >scripta transmittere, quibus
  Gregorius I, J 1309: 274,10       nostrum | >scripta transmittimus. |   |
  Gregorius I, J 1316: 279,16       | Vestrae >scripta suscipiens libenter
  Gregorius I, J 1322: 286,15            Quae >scripta mea publice relecta
  Gregorius I, J 1323: 289,8    ea serva quae >scripta sunt. Si | autem ex
  Gregorius I, J 1328: 294,4       praesentia >scripta dirigere, ut |
  Gregorius I, J 1332: 300,27    vobis minime >scripta ipsa dictata sunt aut
  Gregorius I, J 1350: 316,2          vestrae >scripta suscepi, in quibus
  Gregorius I, J 1352: 327,7           domini >scripta suscepi, ut cum fratre
  Gregorius I, J 1353: 330,2             tuae >scripta suscepi, quae mihi, |
  Gregorius I, J 1354: 332,12        | nostro >scripta transmisi, quorum
  Gregorius I, J 1354: 335,3    state securi, >scripta cum | universalis
  Gregorius I, J 1356: 337,15               | >Scripta dulcissimae et cordis
  Gregorius I, J 1357: 339,6        vestram | >scripta transmissa sunt, in
  Gregorius I, J 1357: 343,30    multum amo.  >Scripta autem sanctitatis
  Gregorius I, J 1358: 344,19       ad me sua >scripta de hac causa
  Gregorius I, J 1361: 345,12     opera, hoc  >scripta testantur; hoc de |
  Gregorius I, J 1361: 345,38   constituta et >scripta terreni imperatoris |
  Gregorius I, J 1389: 388,7   per praesentia >scripta perspeximus. Cuius  ut
  Gregorius I, J 1404: 401,20      Ravennae.  >Scripta | fraternitas vestrae
  Gregorius I, J 1405: 403,32      vero dudum >scripta tibi transmisimus, ut,
  Gregorius I, J 1405: 403,34        ne eadem >scripta susciperes, quae tamen
  Gregorius I, J 1405: 403,36   | tibi  prius >scripta transmisimus
  Gregorius I, J 1416: 412,13      Numidiae.  >Scripta | fraternitatis
  Gregorius I, J 1416: 412,19   commendastis, >scripta ad rectorem 
  Gregorius I, J 1435: 425,5   nostra mittere >scripta curavimus insinuantes
  Gregorius I, J 1442: 433,9   regia facienti >scripta | nostra direximus,
  Gregorius I, J 1442: 433,12   est, ut eadem >scripta | suptiliter
  Gregorius I, J 1443: 434,21         vestrae >scripta suscepimus corporis
  Gregorius I, J 1446: 438,24         volumus >scripta transmittere; | sed
  Gregorius I, J 1451: 448,26    per | patrum >scripta damnantur, multos
  Gregorius I, J 1453: 450,7      Sicut tamen >scripta | fraternitatis
  Gregorius I, J 1454: 451,29      episcopo.  >Scripta vestrae | sanctitatis
  Gregorius I, J 1465: 462,21            urbe >scripta sunt; ipsamque ad te |
  Gregorius I, J 1465: 463,2    est, minime | >scripta eius suscepimus. |   |
  Gregorius I, J 1468: 464,23         vestrae >scripta suscepi, in quibus vos
  Gregorius I, J 1470: 469,38       loqui per >scripta non debeo, in | animo
  Gregorius I, J 1471: 470,13         vestrae >scripta detulit, sed ea quae
  Gregorius I, J 1472: 471,10         vestrae >scripta | suscipiens cognita
  Gregorius I, J 1473: 472,26   mitterem, diu >scripta vestra  requisivi, |
  Gregorius I, J 1473: 473,25    habent.  Per >scripta autem vestra mihi
  Gregorius I, J 1474: 474,29               | >Scripta beatitudinis vestrae
  Gregorius I, J 1477: 481,1          |  |  | >Scripta vestrae sanctitatis
  Gregorius I, J 1486: 488,27    praevidimus  >scripta dirigere. Hortamur
  Gregorius I, J 1495: 11,4            igitur >scripta suscipiens evigila et 
  Gregorius I, J 1496: 12,2      nostra denuo >scripta susceperis. Nam | si
  Gregorius I, J 1513: 26,27    si qua ex eis >scripta in ecclesiae vestrae
  Gregorius I, J 1517: 29,7    beatitudinis | >scripta cognovi. Ago ergo 
  Gregorius I, J 1518: 29,12          vestrae >scripta deferens | aegrum me 
  Gregorius I, J 1518: 29,15          vestrae >scripta susciperem, quae | me
  Gregorius I, J 1518: 29,32     opere ad nos >scripta | pervenerunt, quia  |
  Gregorius I, J 1520: 32,20                  >Scripta sanctitatis | vestrae
  Gregorius I, J 1526: 41,23    eorumque mihi >scripta de eodem  pretio |
  Gregorius I, J 1527: 42,23       suptiliter >scripta nos instruant, ut,
  Gregorius I, J 1537: 50,6      excellentiae >scripta suscepi, in quibus
  Gregorius I, J 1545: 55,14     praesentia | >scripta suscipiens de solidis
  Gregorius I, J 1551: 60,21          vestrae >scripta suscepi, in quibus
  Gregorius I, J 1558: 65,2     | paterna vos >scripta suscipere, si illud
  Gregorius I, J 1568: 72,8    festinatione | >scripta transmittat, quae
  Gregorius I, J 1600: 93,2        episcopo.  >Scripta | fraternitatis
  Gregorius I, J 1601: 94,6   ut | praesentia >scripta susceperit, Theodoro
  Gregorius I, J 1604: 95,21    | suscipiatis >scripta seu a me minime
  Gregorius I, J 1624: 108,16     | curavimus >scripta dirigere, ut eidem
  Gregorius I, J 1640: 119,26              et >scripta | transmisimus,
  Gregorius I, J 1641: 120,14         dudum | >scripta suscepimus, in quibus
  Gregorius I, J 1654: 128,23      sed  super >scripta terra eorum. Atque |
  Gregorius I, J 1661: 133,8           | tuae >scripta suscepi professionem
  Gregorius I, J 1673: 142,24            tuae >scripta suscepi, quae in meo
  Gregorius I, J 1673: 147,4   eadem epistola >scripta est, constat, quia non
  Gregorius I, J 1681: 156,19          Maximi >scripta suscepi. Cuius
  Gregorius I, J 1683: 158,22   non credimus, >scripta praesentia | aliqua in
  Gregorius I, J 1702: 170,26               | >Scripta dulcissimae vestrae
  Gregorius I, J 1711: 178,3         | nobis  >scripta detulit, referente
  Gregorius I, J 1711: 178,21    cognoscitis. >Scripta vero ad |
  Gregorius I, J 1715: 179,11         vestrae >scripta suscepimus, in quibus
  Gregorius I, J 1715: 179,15         ipsaque >scripta | ad vos transmisimus,
  Gregorius I, J 1722: 183,14    haec eadem | >scripta attestantia
  Gregorius I, J 1727: 189,4       cognoscis, >scripta dirigas, ut uxorem vel
  Gregorius I, J 1729: 190,5   venturo pascha >scripta debeat | denuntiatione
  Gregorius I, J 1731: 192,6      Unde ad eum >scripta nostra direximus, | ne
  Gregorius I, J 1736: 195,13        tam sero >scripta transmittimus, non hoc
  Gregorius I, J 1745: 204,1         Aurelium >scripta | transmissa sunt, ubi
  Gregorius I, J 1745: 204,5           nostri >scripta his praevidimus
  Gregorius I, J 1747: 205,24             per >scripta praesentia, quae |
  Gregorius I, J 1747: 209,24        apicibus >scripta sunt,  meditemur
  Gregorius I, J 1749: 212,15   si qua exinde >scripta inveniri | potuerint, 
  Gregorius I, J 1762: 230,26         ad  vos >scripta | praevidimus
  Gregorius I, J 1782: 247,21          ad nos >scripta transmisit indicans,
  Gregorius I, J 1783: 248,11         vestrae >scripta suscepi, quibus pro |
  Gregorius I, J 1783: 249,4      quam vestra >scripta  susceperam, contra |
  Gregorius I, J 1783: 249,9        heresim | >scripta Latinorum patrum
  Gregorius I, J 1786: 252,21     quae nobis  >scripta sunt noveritis,
  Gregorius I, J 1788: 254,10       enim quam >scripta ad nos | vestra
  Gregorius I, J 1793: 262,2       episcopo.  >Scripta fraternitatis |
  Gregorius I, J 1801: 272,21            Unde >scripta nostra recordandae 
  Gregorius I, J 1814: 285,25         vestrae >scripta suscepi, quae mihi de
  Gregorius I, J 1816: 287,8        | vestrae >scripta suscepi, quae me in
  Gregorius I, J 1816: 287,17       repperit, >scripta | vestra mihi dare
  Gregorius I, J 1816: 287,21       vela quam >scripta suscepimus. Tamen
  Gregorius I, J 1826: 306,10   nomina vestra >scripta  sunt in caelo'. In
  Gregorius I, J 1826: 306,13        vestra | >scripta sunt in caelo'.  Non
  Gregorius I, J 1830: 314,9   Gesta vero vel >scripta beati Herenaei iam diu
  Gregorius I, J 1837: 319,8   ad vindictam,  >scripta ad nos vestra |
  Gregorius I, J 1843: 332,11            tuae >scripta suscepi, in quibus me
  Gregorius I, J 1852: 347,14       priusquam >scripta vestra susceperimus,
  Gregorius I, J 1861: 359,5       ut eadem | >scripta  nostra ad antedictum
  Gregorius I, J 1871: 372,12    nos secundum >scripta vestra praebuisse |
  Gregorius I, J 1874: 375,29   Alia | quidem >scripta ad fraternitatem tuam
  Gregorius I, J 1875: 376,24         iuxta | >scripta filiorum nostrorum
  Gregorius I, J 1876: 379,5    Proinde iuxta >scripta filiorum nostrorum |
  Gregorius I, J 1877: 380,23   Proinde iuxta >scripta filiorum nostrorum |
  Gregorius I, J 1888: 389,15         vestrae >scripta | suscipiens legenda
  Gregorius I, J 1910: 407,26   vehementer me >scripta turbaverunt, quae
  Gregorius I, J 1911: 409,12      praesentia >scripta continent sine aliqua
  Gregorius I, J 1921: 427,12      | Corcyrae >scripta transmisimus atque
  Gregorius I, J 1925: 431,2        reginae.  >Scripta quae ad | nos dudum a
  Gregorius I, J 1990: 432,19       | relecta >scripta quae detulerat curae
  Bonifatius IV, J 2002: 456,7          Dei.  >Scripta | excellentiae vestrae
  Honorius I, J 2016+: 695,13           nobis >scripta sunt, | fraternitati 
  Honorius I, J 2018: 471A,1             |  | >Scripta fraternitatis vestrae
  Honorius I, J 2024: 474C,9       Honorius,  >Scripta dilectissimi filii |
  Johannes IV, J 2040: 200,8        | sedis.  >Scripta quae perlatores ad
  Johannes IV, J 2042alpha: 1661,7     itaque >scripta illa a vobis aboleri 
  Theodorus I, J 2049: 78C,7           vestra >scripta sunt judicaveramus ad 
  Theodorus I, J 2049: 79A,3          ejus et >scripta | veritati repugnantia
  Martinus I, J 2064: 154B,6     ad nos  a te >scripta sunt, et ab iis qui
  Martinus I, J 2065: 163B,7       culpans, | >scripta tua secundum Deum
  Martinus I, J 2068: 172D,9      | sive quae >scripta sunt  ab adversariis,
  Martinus I, J 2070: 176C,13           fidei >scripta sunt, tum ipsos, tum
  Martinus I, J 2070: 176D,8   impie acta et  >scripta, una cum ipsorum
  Martinus I, J 2072: 197B,13   vos a nobis | >scripta est: et abjicientes 
  Martinus I, J +2074: 209A,16        publica >scripta agere praesumpserit, |
  Martinus I, J 2058: 409,5           per sua >scripta, non solum illos |
  Martinus I, J 2059: 423,23      nos per sua >scripta consoluit,
  Martinus I, J 2059: 424,14   nobis directae >scripta una cum
  Martinus I, J 2059: 424,27            huius >scripta sunt, | effectui
  Martinus I, J +2076: 18,21       qu#0e hic  >scripta inveniuntur, | tunc
  Vitalianus -, J 2091: 1002B,6        nostra >scripta, | Joannem antistitem 
  Vitalianus -, J 2093: 1003C,12      per sua >scripta non |   | indicaverit
  Vitalianus -, J +2099: 1007C,10             >scripta notum  esse volumus
  Adeodatus II, J 2105: 497,44      reges, ut >scripta conperimus, ad |
  Leo II, J 2118: 408A,9            similiter >scripta Theodoriti | adversus
  Leo II, J 2118: 409A,10    quod per divalia >scripta vestra | pietas
  Leo II, J 2120: 419A,5     atque pontificem >scripta imperialia | dirigens,
  Johannes VI, J +2141: 10,4            supra >scripta. |   |   |   | Dominis
  Constantin I, J +2147: 282,17    repleatur. >Scripta est  haec epistola |
  Constantin I, J +2149: 283,19   aeternum. | >Scripta est haec epistola anno

